DEBUG:paramiko.transport:starting thread (client mode): 0x8617c9d0
DEBUG:paramiko.transport:starting thread (client mode): 0x8617c9d0
DEBUG:paramiko.transport:starting thread (client mode): 0x8617c9d0
DEBUG:paramiko.transport:Local version/idstring: SSH-2.0-paramiko_2.7.1
DEBUG:paramiko.transport:Local version/idstring: SSH-2.0-paramiko_2.7.1
DEBUG:paramiko.transport:Local version/idstring: SSH-2.0-paramiko_2.7.1
DEBUG:paramiko.transport:starting thread (client mode): 0x8617c9d0
DEBUG:paramiko.transport:Local version/idstring: SSH-2.0-paramiko_2.7.1
DEBUG:paramiko.transport:Remote version/idstring: SSH-2.0-Cisco-1.25
DEBUG:paramiko.transport:Remote version/idstring: SSH-2.0-Cisco-1.25
DEBUG:paramiko.transport:Remote version/idstring: SSH-2.0-Cisco-1.25
DEBUG:paramiko.transport:Remote version/idstring: SSH-2.0-Cisco-1.25
INFO:paramiko.transport:Connected (version 2.0, client Cisco-1.25)
INFO:paramiko.transport:Connected (version 2.0, client Cisco-1.25)
INFO:paramiko.transport:Connected (version 2.0, client Cisco-1.25)
INFO:paramiko.transport:Connected (version 2.0, client Cisco-1.25)
DEBUG:paramiko.transport:kex algos:['diffie-hellman-group-exchange-sha1', 'diffie-hellman-group14-sha1'] server key:['ssh-rsa'] client encrypt:['aes128-ctr', 'aes192-ctr', 'aes256-ctr'] server encrypt:['aes128-ctr', 'aes192-ctr', 'aes256-ctr'] client mac:['hmac-sha2-256', 'hmac-sha2-512', 'hmac-sha1', 'hmac-sha1-96'] server mac:['hmac-sha2-256', 'hmac-sha2-512', 'hmac-sha1', 'hmac-sha1-96'] client compress:['none'] server compress:['none'] client lang:[''] server lang:[''] kex follows?False
DEBUG:paramiko.transport:Kex agreed: diffie-hellman-group-exchange-sha1
DEBUG:paramiko.transport:HostKey agreed: ssh-rsa
DEBUG:paramiko.transport:Cipher agreed: aes128-ctr
DEBUG:paramiko.transport:MAC agreed: hmac-sha2-256
DEBUG:paramiko.transport:Compression agreed: none
DEBUG:paramiko.transport:kex algos:['diffie-hellman-group-exchange-sha1', 'diffie-hellman-group14-sha1'] server key:['ssh-rsa'] client encrypt:['aes128-ctr', 'aes192-ctr', 'aes256-ctr'] server encrypt:['aes128-ctr', 'aes192-ctr', 'aes256-ctr'] client mac:['hmac-sha2-256', 'hmac-sha2-512', 'hmac-sha1', 'hmac-sha1-96'] server mac:['hmac-sha2-256', 'hmac-sha2-512', 'hmac-sha1', 'hmac-sha1-96'] client compress:['none'] server compress:['none'] client lang:[''] server lang:[''] kex follows?False
DEBUG:paramiko.transport:kex algos:['diffie-hellman-group-exchange-sha1', 'diffie-hellman-group14-sha1', 'diffie-hellman-group1-sha1'] server key:['ssh-rsa'] client encrypt:['aes128-ctr', 'aes192-ctr', 'aes256-ctr', 'aes128-cbc', '3des-cbc', 'aes192-cbc', 'aes256-cbc'] server encrypt:['aes128-ctr', 'aes192-ctr', 'aes256-ctr', 'aes128-cbc', '3des-cbc', 'aes192-cbc', 'aes256-cbc'] client mac:['hmac-sha1', 'hmac-sha1-96'] server mac:['hmac-sha1', 'hmac-sha1-96'] client compress:['none'] server compress:['none'] client lang:[''] server lang:[''] kex follows?False
DEBUG:paramiko.transport:kex algos:['diffie-hellman-group-exchange-sha1', 'diffie-hellman-group14-sha1'] server key:['ssh-rsa'] client encrypt:['aes128-ctr', 'aes192-ctr', 'aes256-ctr'] server encrypt:['aes128-ctr', 'aes192-ctr', 'aes256-ctr'] client mac:['hmac-sha2-256', 'hmac-sha2-512', 'hmac-sha1', 'hmac-sha1-96'] server mac:['hmac-sha2-256', 'hmac-sha2-512', 'hmac-sha1', 'hmac-sha1-96'] client compress:['none'] server compress:['none'] client lang:[''] server lang:[''] kex follows?False
DEBUG:paramiko.transport:Kex agreed: diffie-hellman-group-exchange-sha1
DEBUG:paramiko.transport:Kex agreed: diffie-hellman-group-exchange-sha1
DEBUG:paramiko.transport:Kex agreed: diffie-hellman-group-exchange-sha1
DEBUG:paramiko.transport:HostKey agreed: ssh-rsa
DEBUG:paramiko.transport:HostKey agreed: ssh-rsa
DEBUG:paramiko.transport:HostKey agreed: ssh-rsa
DEBUG:paramiko.transport:Cipher agreed: aes128-ctr
DEBUG:paramiko.transport:Cipher agreed: aes128-ctr
DEBUG:paramiko.transport:Cipher agreed: aes128-ctr
DEBUG:paramiko.transport:MAC agreed: hmac-sha2-256
DEBUG:paramiko.transport:MAC agreed: hmac-sha2-256
DEBUG:paramiko.transport:MAC agreed: hmac-sha1
DEBUG:paramiko.transport:Compression agreed: none
DEBUG:paramiko.transport:Compression agreed: none
DEBUG:paramiko.transport:Compression agreed: none
DEBUG:paramiko.transport:Got server p (2048 bits)
DEBUG:paramiko.transport:Got server p (2048 bits)
DEBUG:paramiko.transport:Got server p (2048 bits)
DEBUG:paramiko.transport:Got server p (2048 bits)
DEBUG:paramiko.transport:kex engine KexGex specified hash_algo <built-in function openssl_sha1>
DEBUG:paramiko.transport:Switch to new keys ...
DEBUG:paramiko.transport:Adding ssh-rsa host key for [127.0.0.1]:60003: b'ed116846775cb2d91e4d447523d9ee45'
DEBUG:paramiko.transport:kex engine KexGex specified hash_algo <built-in function openssl_sha1>
DEBUG:paramiko.transport:Switch to new keys ...
DEBUG:paramiko.transport:Adding ssh-rsa host key for [127.0.0.1]:60002: b'ca70d17bb44197afd187a6800ff20a74'
DEBUG:paramiko.transport:kex engine KexGex specified hash_algo <built-in function openssl_sha1>
DEBUG:paramiko.transport:Switch to new keys ...
DEBUG:paramiko.transport:Adding ssh-rsa host key for [127.0.0.1]:60004: b'a3190114aede32c94b46d2668b64a700'
DEBUG:paramiko.transport:kex engine KexGex specified hash_algo <built-in function openssl_sha1>
DEBUG:paramiko.transport:Switch to new keys ...
DEBUG:paramiko.transport:Adding ssh-rsa host key for [127.0.0.1]:60001: b'a60eb3d72c399013400e709ce3503daf'
DEBUG:paramiko.transport:userauth is OK
DEBUG:paramiko.transport:userauth is OK
DEBUG:paramiko.transport:userauth is OK
DEBUG:paramiko.transport:userauth is OK
INFO:paramiko.transport:Authentication (password) successful!
DEBUG:paramiko.transport:[chan 0] Max packet in: 32768 bytes
DEBUG:paramiko.transport:[chan 0] Max packet out: 4096 bytes
DEBUG:paramiko.transport:Secsh channel 0 opened.
INFO:paramiko.transport:Authentication (password) successful!
INFO:paramiko.transport:Authentication (password) successful!
INFO:paramiko.transport:Authentication (password) successful!
DEBUG:paramiko.transport:[chan 0] Max packet in: 32768 bytes
DEBUG:paramiko.transport:[chan 0] Max packet in: 32768 bytes
DEBUG:paramiko.transport:[chan 0] Max packet in: 32768 bytes
DEBUG:paramiko.transport:[chan 0] Sesch channel 0 request ok
DEBUG:paramiko.transport:[chan 0] Max packet out: 4096 bytes
DEBUG:paramiko.transport:[chan 0] Max packet out: 4096 bytes
DEBUG:paramiko.transport:Secsh channel 0 opened.
DEBUG:paramiko.transport:Secsh channel 0 opened.
DEBUG:paramiko.transport:[chan 0] Max packet out: 4096 bytes
DEBUG:paramiko.transport:Secsh channel 0 opened.
DEBUG:paramiko.transport:[chan 0] Sesch channel 0 request ok
DEBUG:paramiko.transport:[chan 0] Sesch channel 0 request ok
DEBUG:paramiko.transport:[chan 0] Sesch channel 0 request ok
DEBUG:paramiko.transport:[chan 0] Sesch channel 0 request ok
DEBUG:paramiko.transport:[chan 0] Sesch channel 0 request ok
DEBUG:netmiko:read_channel: 
R2#
DEBUG:netmiko:read_channel: 
DEBUG:paramiko.transport:[chan 0] Sesch channel 0 request ok
DEBUG:paramiko.transport:[chan 0] Sesch channel 0 request ok
DEBUG:netmiko:read_channel: 
R3#
DEBUG:netmiko:read_channel: 
DEBUG:netmiko:read_channel: 
R1#
DEBUG:netmiko:read_channel: 
switch01#
DEBUG:netmiko:read_channel: 
DEBUG:netmiko:read_channel: 
DEBUG:netmiko:read_channel: 
DEBUG:netmiko:read_channel: 
DEBUG:netmiko:write_channel: b'\n'
DEBUG:netmiko:read_channel: 
DEBUG:netmiko:read_channel: 
DEBUG:netmiko:write_channel: b'\n'
DEBUG:netmiko:read_channel: 
DEBUG:netmiko:write_channel: b'\n'
DEBUG:netmiko:read_channel: 
DEBUG:netmiko:write_channel: b'\n'
DEBUG:netmiko:read_channel: 

DEBUG:netmiko:write_channel: b'\n'
DEBUG:netmiko:read_channel: 
DEBUG:netmiko:read_channel: 
DEBUG:netmiko:write_channel: b'\n'
DEBUG:netmiko:read_channel: 
DEBUG:netmiko:read_channel: 
DEBUG:netmiko:write_channel: b'\n'
DEBUG:netmiko:read_channel: 
DEBUG:netmiko:read_channel: 
DEBUG:netmiko:read_channel: 
DEBUG:netmiko:write_channel: b'\n'
DEBUG:netmiko:read_channel: 
DEBUG:netmiko:read_channel: 
DEBUG:netmiko:write_channel: b'\n'
DEBUG:netmiko:write_channel: b'\n'
DEBUG:netmiko:read_channel: 
DEBUG:netmiko:read_channel: 
DEBUG:netmiko:read_channel: 
DEBUG:netmiko:read_channel: 
DEBUG:netmiko:write_channel: b'\n'
DEBUG:netmiko:write_channel: b'\n'
DEBUG:netmiko:read_channel: 
DEBUG:netmiko:write_channel: b'\n'
DEBUG:netmiko:read_channel: 
DEBUG:netmiko:write_channel: b'\n'
DEBUG:netmiko:read_channel: 
DEBUG:netmiko:write_channel: b'\n'
DEBUG:netmiko:read_channel: R2#
R2#
R2#
R2#
R2#
DEBUG:netmiko:read_channel: 
DEBUG:netmiko:read_channel: 
DEBUG:netmiko:write_channel: b'\n'
DEBUG:netmiko:write_channel: b'\n'
DEBUG:netmiko:read_channel: 
DEBUG:netmiko:write_channel: b'\n'
DEBUG:netmiko:read_channel: 
DEBUG:netmiko:[find_prompt()]: prompt is R2#
DEBUG:netmiko:read_channel: 
DEBUG:netmiko:In disable_paging
DEBUG:netmiko:Command: terminal length 0

DEBUG:netmiko:write_channel: b'terminal length 0\n'
DEBUG:netmiko:Pattern is: terminal\ length\ 0
DEBUG:netmiko:read_channel: 
R1#
R1#
DEBUG:netmiko:read_channel: 
switch01#
switch01#
DEBUG:netmiko:read_channel: 
DEBUG:netmiko:[find_prompt()]: prompt is R1#
DEBUG:netmiko:read_channel: 
DEBUG:netmiko:[find_prompt()]: prompt is switch01#
DEBUG:netmiko:read_channel: 
R1#
R1#
DEBUG:netmiko:Clear buffer detects data in the channel
DEBUG:netmiko:read_channel: 
switch01#
switch01#
DEBUG:netmiko:Clear buffer detects data in the channel
DEBUG:netmiko:_read_channel_expect read_data: term
DEBUG:netmiko:read_channel: 
R3#
R3#
R3#
R3#
R3#
DEBUG:netmiko:read_channel: 
DEBUG:netmiko:read_channel: 
DEBUG:netmiko:In disable_paging
DEBUG:netmiko:Command: terminal length 0

DEBUG:netmiko:In disable_paging
DEBUG:netmiko:Command: terminal length 0

DEBUG:netmiko:write_channel: b'terminal length 0\n'
DEBUG:netmiko:write_channel: b'terminal length 0\n'
DEBUG:netmiko:Pattern is: terminal\ length\ 0
DEBUG:netmiko:Pattern is: terminal\ length\ 0
DEBUG:netmiko:_read_channel_expect read_data: inal lengt
DEBUG:netmiko:read_channel: 
DEBUG:netmiko:[find_prompt()]: prompt is R3#
DEBUG:netmiko:_read_channel_expect read_data: h 0
R2#
DEBUG:netmiko:Pattern found: terminal\ length\ 0 terminal length 0
R2#
DEBUG:netmiko:terminal length 0
R2#
DEBUG:netmiko:Exiting disable_paging
DEBUG:netmiko:write_channel: b'terminal width 511\n'
DEBUG:netmiko:Pattern is: terminal\ width\ 511
DEBUG:netmiko:read_channel: 
DEBUG:netmiko:In disable_paging
DEBUG:netmiko:Command: terminal length 0

DEBUG:netmiko:write_channel: b'terminal length 0\n'
DEBUG:netmiko:Pattern is: terminal\ length\ 0
DEBUG:netmiko:_read_channel_expect read_data: terminal len
DEBUG:netmiko:_read_channel_expect read_data: term
DEBUG:netmiko:_read_channel_expect read_data: te
DEBUG:netmiko:_read_channel_expect read_data: gth 0
switch01#
DEBUG:netmiko:Pattern found: terminal\ length\ 0 terminal length 0
switch01#
DEBUG:netmiko:terminal length 0
switch01#
DEBUG:netmiko:Exiting disable_paging
DEBUG:netmiko:write_channel: b'terminal width 511\n'
DEBUG:netmiko:Pattern is: terminal\ width\ 511
DEBUG:netmiko:_read_channel_expect read_data: inal l
DEBUG:netmiko:_read_channel_expect read_data: te
DEBUG:netmiko:_read_channel_expect read_data: rmina
DEBUG:netmiko:_read_channel_expect read_data: ength 0

DEBUG:netmiko:Pattern found: terminal\ length\ 0 terminal length 0

DEBUG:netmiko:terminal length 0

DEBUG:netmiko:Exiting disable_paging
DEBUG:netmiko:write_channel: b'terminal width 511\n'
DEBUG:netmiko:Pattern is: terminal\ width\ 511
DEBUG:netmiko:_read_channel_expect read_data: R1#
DEBUG:netmiko:_read_channel_expect read_data: l width 511
R2#
DEBUG:netmiko:Pattern found: terminal\ width\ 511 terminal width 511
R2#
DEBUG:netmiko:_read_channel_expect read_data: rmin
DEBUG:netmiko:_read_channel_expect read_data: termin
DEBUG:netmiko:_read_channel_expect read_data: terminal 
DEBUG:netmiko:_read_channel_expect read_data: al length 0
R3#
DEBUG:netmiko:Pattern found: terminal\ length\ 0 terminal length 0
R3#
DEBUG:netmiko:terminal length 0
R3#
DEBUG:netmiko:Exiting disable_paging
DEBUG:netmiko:write_channel: b'terminal width 511\n'
DEBUG:netmiko:Pattern is: terminal\ width\ 511
DEBUG:netmiko:_read_channel_expect read_data: al wi
DEBUG:netmiko:_read_channel_expect read_data: width 51
DEBUG:netmiko:read_channel: 
DEBUG:netmiko:_read_channel_expect read_data: 1

DEBUG:netmiko:Pattern found: terminal\ width\ 511 terminal width 511

DEBUG:netmiko:_read_channel_expect read_data: dt
DEBUG:netmiko:_read_channel_expect read_data: h 511
R1#
DEBUG:netmiko:Pattern found: terminal\ width\ 511 R1#terminal width 511
R1#
DEBUG:netmiko:_read_channel_expect read_data: terminal widt
DEBUG:netmiko:read_channel: switch01#
DEBUG:netmiko:Clear buffer detects data in the channel
DEBUG:netmiko:_read_channel_expect read_data: h
DEBUG:netmiko:_read_channel_expect read_data:  511
R3#
DEBUG:netmiko:Pattern found: terminal\ width\ 511 terminal width 511
R3#
DEBUG:netmiko:read_channel: 
DEBUG:netmiko:read_channel: 
DEBUG:paramiko.transport:starting thread (client mode): 0xd9174ed0
DEBUG:paramiko.transport:Local version/idstring: SSH-2.0-paramiko_2.7.1
DEBUG:paramiko.transport:starting thread (client mode): 0xd9174d90
DEBUG:paramiko.transport:Local version/idstring: SSH-2.0-paramiko_2.7.1
DEBUG:paramiko.transport:starting thread (client mode): 0xd917d050
DEBUG:paramiko.transport:Local version/idstring: SSH-2.0-paramiko_2.7.1
DEBUG:paramiko.transport:starting thread (client mode): 0xd917d190
DEBUG:paramiko.transport:Local version/idstring: SSH-2.0-paramiko_2.7.1
DEBUG:paramiko.transport:Remote version/idstring: SSH-2.0-Cisco-1.25
DEBUG:paramiko.transport:Remote version/idstring: SSH-2.0-Cisco-1.25
DEBUG:paramiko.transport:Remote version/idstring: SSH-2.0-Cisco-1.25
INFO:paramiko.transport:Connected (version 2.0, client Cisco-1.25)
INFO:paramiko.transport:Connected (version 2.0, client Cisco-1.25)
INFO:paramiko.transport:Connected (version 2.0, client Cisco-1.25)
DEBUG:paramiko.transport:Remote version/idstring: SSH-2.0-Cisco-1.25
INFO:paramiko.transport:Connected (version 2.0, client Cisco-1.25)
DEBUG:paramiko.transport:kex algos:['diffie-hellman-group-exchange-sha1', 'diffie-hellman-group14-sha1'] server key:['ssh-rsa'] client encrypt:['aes128-ctr', 'aes192-ctr', 'aes256-ctr'] server encrypt:['aes128-ctr', 'aes192-ctr', 'aes256-ctr'] client mac:['hmac-sha2-256', 'hmac-sha2-512', 'hmac-sha1', 'hmac-sha1-96'] server mac:['hmac-sha2-256', 'hmac-sha2-512', 'hmac-sha1', 'hmac-sha1-96'] client compress:['none'] server compress:['none'] client lang:[''] server lang:[''] kex follows?False
DEBUG:paramiko.transport:Kex agreed: diffie-hellman-group-exchange-sha1
DEBUG:paramiko.transport:HostKey agreed: ssh-rsa
DEBUG:paramiko.transport:Cipher agreed: aes128-ctr
DEBUG:paramiko.transport:MAC agreed: hmac-sha2-256
DEBUG:paramiko.transport:Compression agreed: none
DEBUG:paramiko.transport:kex algos:['diffie-hellman-group-exchange-sha1', 'diffie-hellman-group14-sha1', 'diffie-hellman-group1-sha1'] server key:['ssh-rsa'] client encrypt:['aes128-ctr', 'aes192-ctr', 'aes256-ctr', 'aes128-cbc', '3des-cbc', 'aes192-cbc', 'aes256-cbc'] server encrypt:['aes128-ctr', 'aes192-ctr', 'aes256-ctr', 'aes128-cbc', '3des-cbc', 'aes192-cbc', 'aes256-cbc'] client mac:['hmac-sha1', 'hmac-sha1-96'] server mac:['hmac-sha1', 'hmac-sha1-96'] client compress:['none'] server compress:['none'] client lang:[''] server lang:[''] kex follows?False
DEBUG:paramiko.transport:kex algos:['diffie-hellman-group-exchange-sha1', 'diffie-hellman-group14-sha1'] server key:['ssh-rsa'] client encrypt:['aes128-ctr', 'aes192-ctr', 'aes256-ctr'] server encrypt:['aes128-ctr', 'aes192-ctr', 'aes256-ctr'] client mac:['hmac-sha2-256', 'hmac-sha2-512', 'hmac-sha1', 'hmac-sha1-96'] server mac:['hmac-sha2-256', 'hmac-sha2-512', 'hmac-sha1', 'hmac-sha1-96'] client compress:['none'] server compress:['none'] client lang:[''] server lang:[''] kex follows?False
DEBUG:paramiko.transport:kex algos:['diffie-hellman-group-exchange-sha1', 'diffie-hellman-group14-sha1'] server key:['ssh-rsa'] client encrypt:['aes128-ctr', 'aes192-ctr', 'aes256-ctr'] server encrypt:['aes128-ctr', 'aes192-ctr', 'aes256-ctr'] client mac:['hmac-sha2-256', 'hmac-sha2-512', 'hmac-sha1', 'hmac-sha1-96'] server mac:['hmac-sha2-256', 'hmac-sha2-512', 'hmac-sha1', 'hmac-sha1-96'] client compress:['none'] server compress:['none'] client lang:[''] server lang:[''] kex follows?False
DEBUG:paramiko.transport:Kex agreed: diffie-hellman-group-exchange-sha1
DEBUG:paramiko.transport:Kex agreed: diffie-hellman-group-exchange-sha1
DEBUG:paramiko.transport:Kex agreed: diffie-hellman-group-exchange-sha1
DEBUG:paramiko.transport:HostKey agreed: ssh-rsa
DEBUG:paramiko.transport:HostKey agreed: ssh-rsa
DEBUG:paramiko.transport:HostKey agreed: ssh-rsa
DEBUG:paramiko.transport:Cipher agreed: aes128-ctr
DEBUG:paramiko.transport:Cipher agreed: aes128-ctr
DEBUG:paramiko.transport:Cipher agreed: aes128-ctr
DEBUG:paramiko.transport:MAC agreed: hmac-sha2-256
DEBUG:paramiko.transport:MAC agreed: hmac-sha2-256
DEBUG:paramiko.transport:MAC agreed: hmac-sha1
DEBUG:paramiko.transport:Compression agreed: none
DEBUG:paramiko.transport:Compression agreed: none
DEBUG:paramiko.transport:Compression agreed: none
DEBUG:paramiko.transport:Got server p (2048 bits)
DEBUG:paramiko.transport:Got server p (2048 bits)
DEBUG:paramiko.transport:Got server p (2048 bits)
DEBUG:paramiko.transport:Got server p (2048 bits)
DEBUG:paramiko.transport:kex engine KexGex specified hash_algo <built-in function openssl_sha1>
DEBUG:paramiko.transport:Switch to new keys ...
DEBUG:paramiko.transport:Adding ssh-rsa host key for [127.0.0.1]:60002: b'ca70d17bb44197afd187a6800ff20a74'
DEBUG:paramiko.transport:kex engine KexGex specified hash_algo <built-in function openssl_sha1>
DEBUG:paramiko.transport:Switch to new keys ...
DEBUG:paramiko.transport:Adding ssh-rsa host key for [127.0.0.1]:60001: b'a60eb3d72c399013400e709ce3503daf'
DEBUG:paramiko.transport:kex engine KexGex specified hash_algo <built-in function openssl_sha1>
DEBUG:paramiko.transport:Switch to new keys ...
DEBUG:paramiko.transport:Adding ssh-rsa host key for [127.0.0.1]:60003: b'ed116846775cb2d91e4d447523d9ee45'
DEBUG:paramiko.transport:kex engine KexGex specified hash_algo <built-in function openssl_sha1>
DEBUG:paramiko.transport:Switch to new keys ...
DEBUG:paramiko.transport:Adding ssh-rsa host key for [127.0.0.1]:60004: b'a3190114aede32c94b46d2668b64a700'
DEBUG:paramiko.transport:userauth is OK
DEBUG:paramiko.transport:userauth is OK
DEBUG:paramiko.transport:userauth is OK
DEBUG:paramiko.transport:userauth is OK
INFO:paramiko.transport:Authentication (password) successful!
DEBUG:paramiko.transport:[chan 0] Max packet in: 32768 bytes
INFO:paramiko.transport:Authentication (password) successful!
DEBUG:paramiko.transport:[chan 0] Max packet in: 32768 bytes
INFO:paramiko.transport:Authentication (password) successful!
DEBUG:paramiko.transport:[chan 0] Max packet in: 32768 bytes
DEBUG:paramiko.transport:[chan 0] Max packet out: 4096 bytes
DEBUG:paramiko.transport:Secsh channel 0 opened.
INFO:paramiko.transport:Authentication (password) successful!
DEBUG:paramiko.transport:[chan 0] Max packet in: 32768 bytes
DEBUG:paramiko.transport:[chan 0] Max packet out: 4096 bytes
DEBUG:paramiko.transport:[chan 0] Max packet out: 4096 bytes
DEBUG:paramiko.transport:Secsh channel 0 opened.
DEBUG:paramiko.transport:Secsh channel 0 opened.
DEBUG:paramiko.transport:[chan 0] Max packet out: 4096 bytes
DEBUG:paramiko.transport:[chan 0] Sesch channel 0 request ok
DEBUG:paramiko.transport:Secsh channel 0 opened.
DEBUG:paramiko.transport:[chan 0] Sesch channel 0 request ok
DEBUG:paramiko.transport:[chan 0] Sesch channel 0 request ok
DEBUG:paramiko.transport:[chan 0] Sesch channel 0 request ok
DEBUG:paramiko.transport:[chan 0] Sesch channel 0 request ok
DEBUG:paramiko.transport:[chan 0] Sesch channel 0 request ok
DEBUG:paramiko.transport:[chan 0] Sesch channel 0 request ok
DEBUG:paramiko.transport:[chan 0] Sesch channel 0 request ok
DEBUG:netmiko:read_channel: 
switch01#
DEBUG:netmiko:read_channel: 
DEBUG:netmiko:read_channel: 
R1#
DEBUG:netmiko:read_channel: 
R2#
DEBUG:netmiko:read_channel: 
DEBUG:netmiko:read_channel: 
DEBUG:netmiko:read_channel: 
R3#
DEBUG:netmiko:read_channel: 
DEBUG:netmiko:read_channel: 
DEBUG:netmiko:read_channel: 
DEBUG:netmiko:write_channel: b'\n'
DEBUG:netmiko:read_channel: 
DEBUG:netmiko:read_channel: 
DEBUG:netmiko:write_channel: b'\n'
DEBUG:netmiko:read_channel: 
DEBUG:netmiko:write_channel: b'\n'
DEBUG:netmiko:read_channel: 
DEBUG:netmiko:read_channel: 
DEBUG:netmiko:read_channel: 

DEBUG:netmiko:write_channel: b'\n'
DEBUG:netmiko:read_channel: 
DEBUG:netmiko:read_channel: 
DEBUG:netmiko:write_channel: b'\n'
DEBUG:netmiko:write_channel: b'\n'
DEBUG:netmiko:read_channel: 
DEBUG:netmiko:read_channel: 
DEBUG:netmiko:read_channel: 
DEBUG:netmiko:read_channel: 
DEBUG:netmiko:write_channel: b'\n'
DEBUG:netmiko:write_channel: b'\n'
DEBUG:netmiko:read_channel: 
DEBUG:netmiko:read_channel: 
DEBUG:netmiko:write_channel: b'\n'
DEBUG:netmiko:read_channel: 
DEBUG:netmiko:write_channel: b'\n'
DEBUG:netmiko:read_channel: 
DEBUG:netmiko:write_channel: b'\n'
DEBUG:netmiko:read_channel: switch01#
switch01#
switch01#
DEBUG:netmiko:read_channel: 
DEBUG:netmiko:read_channel: 
DEBUG:netmiko:write_channel: b'\n'
DEBUG:netmiko:read_channel: 
DEBUG:netmiko:write_channel: b'\n'
DEBUG:netmiko:read_channel: 
DEBUG:netmiko:write_channel: b'\n'
DEBUG:netmiko:read_channel: 
DEBUG:netmiko:write_channel: b'\n'
DEBUG:netmiko:read_channel: 
DEBUG:netmiko:[find_prompt()]: prompt is switch01#
DEBUG:netmiko:read_channel: 
DEBUG:netmiko:write_channel: b'\n'
DEBUG:netmiko:read_channel: 
switch01#
DEBUG:netmiko:Clear buffer detects data in the channel
DEBUG:netmiko:read_channel: 
R2#
R2#
R2#
DEBUG:netmiko:read_channel: 
R1#
R1#
R1#
DEBUG:netmiko:read_channel: 
DEBUG:netmiko:In disable_paging
DEBUG:netmiko:Command: terminal length 0

DEBUG:netmiko:write_channel: b'terminal length 0\n'
DEBUG:netmiko:Pattern is: terminal\ length\ 0
DEBUG:netmiko:read_channel: 
DEBUG:netmiko:read_channel: 
DEBUG:netmiko:[find_prompt()]: prompt is R1#
DEBUG:netmiko:[find_prompt()]: prompt is R2#
DEBUG:netmiko:read_channel: 
R3#
DEBUG:netmiko:read_channel: 
DEBUG:netmiko:read_channel: 
DEBUG:netmiko:In disable_paging
DEBUG:netmiko:Command: terminal length 0

DEBUG:netmiko:In disable_paging
DEBUG:netmiko:Command: terminal length 0

DEBUG:netmiko:write_channel: b'terminal length 0\n'
DEBUG:netmiko:write_channel: b'terminal length 0\n'
DEBUG:netmiko:Pattern is: terminal\ length\ 0
DEBUG:netmiko:Pattern is: terminal\ length\ 0
DEBUG:netmiko:_read_channel_expect read_data: 
R2#
DEBUG:netmiko:_read_channel_expect read_data: 
R1#
DEBUG:netmiko:read_channel: 
R3#
R3#
R3#
DEBUG:netmiko:Clear buffer detects data in the channel
DEBUG:netmiko:_read_channel_expect read_data: termina
DEBUG:netmiko:_read_channel_expect read_data: t
DEBUG:netmiko:read_channel: 
DEBUG:netmiko:[find_prompt()]: prompt is R3#
DEBUG:netmiko:_read_channel_expect read_data: l length 0
switch01#
DEBUG:netmiko:Pattern found: terminal\ length\ 0 terminal length 0
switch01#
DEBUG:netmiko:terminal length 0
switch01#
DEBUG:netmiko:Exiting disable_paging
DEBUG:netmiko:write_channel: b'terminal width 511\n'
DEBUG:netmiko:Pattern is: terminal\ width\ 511
DEBUG:netmiko:_read_channel_expect read_data: erminal le
DEBUG:netmiko:_read_channel_expect read_data: termina
DEBUG:netmiko:_read_channel_expect read_data: ngth 0
R2#
DEBUG:netmiko:Pattern found: terminal\ length\ 0 
R2#terminal length 0
R2#
DEBUG:netmiko:
R2#terminal length 0
R2#
DEBUG:netmiko:Exiting disable_paging
DEBUG:netmiko:write_channel: b'terminal width 511\n'
DEBUG:netmiko:Pattern is: terminal\ width\ 511
DEBUG:netmiko:read_channel: 
DEBUG:netmiko:In disable_paging
DEBUG:netmiko:Command: terminal length 0

DEBUG:netmiko:write_channel: b'terminal length 0\n'
DEBUG:netmiko:Pattern is: terminal\ length\ 0
DEBUG:netmiko:_read_channel_expect read_data: l length 0
R1#
DEBUG:netmiko:Pattern found: terminal\ length\ 0 
R1#terminal length 0
R1#
DEBUG:netmiko:
R1#terminal length 0
R1#
DEBUG:netmiko:Exiting disable_paging
DEBUG:netmiko:write_channel: b'terminal width 511\n'
DEBUG:netmiko:Pattern is: terminal\ width\ 511
DEBUG:netmiko:_read_channel_expect read_data: te
DEBUG:netmiko:_read_channel_expect read_data: t
DEBUG:netmiko:_read_channel_expect read_data: t
DEBUG:netmiko:_read_channel_expect read_data: terminal 
DEBUG:netmiko:_read_channel_expect read_data: rminal width 511
switch01#
DEBUG:netmiko:Pattern found: terminal\ width\ 511 terminal width 511
switch01#
DEBUG:netmiko:_read_channel_expect read_data: erminal width 511
R1#
DEBUG:netmiko:_read_channel_expect read_data: width 511
R2#
DEBUG:netmiko:Pattern found: terminal\ width\ 511 terminal width 511
R1#
DEBUG:netmiko:Pattern found: terminal\ width\ 511 terminal width 511
R2#
DEBUG:netmiko:_read_channel_expect read_data: er
DEBUG:netmiko:_read_channel_expect read_data: minal length 0

DEBUG:netmiko:Pattern found: terminal\ length\ 0 terminal length 0

DEBUG:netmiko:terminal length 0

DEBUG:netmiko:Exiting disable_paging
DEBUG:netmiko:write_channel: b'terminal width 511\n'
DEBUG:netmiko:Pattern is: terminal\ width\ 511
DEBUG:netmiko:_read_channel_expect read_data: R3#
DEBUG:netmiko:read_channel: 
DEBUG:netmiko:read_channel: 
DEBUG:netmiko:read_channel: 
DEBUG:paramiko.transport:starting thread (client mode): 0xd00a20d0
DEBUG:paramiko.transport:Local version/idstring: SSH-2.0-paramiko_2.7.1
DEBUG:paramiko.transport:starting thread (client mode): 0xd00a31d0
DEBUG:paramiko.transport:Local version/idstring: SSH-2.0-paramiko_2.7.1
DEBUG:paramiko.transport:starting thread (client mode): 0xd00a3350
DEBUG:paramiko.transport:Local version/idstring: SSH-2.0-paramiko_2.7.1
DEBUG:paramiko.transport:starting thread (client mode): 0xd00a3490
DEBUG:paramiko.transport:Local version/idstring: SSH-2.0-paramiko_2.7.1
DEBUG:paramiko.transport:Remote version/idstring: SSH-2.0-Cisco-1.25
DEBUG:paramiko.transport:Remote version/idstring: SSH-2.0-Cisco-1.25
DEBUG:paramiko.transport:Remote version/idstring: SSH-2.0-Cisco-1.25
INFO:paramiko.transport:Connected (version 2.0, client Cisco-1.25)
INFO:paramiko.transport:Connected (version 2.0, client Cisco-1.25)
INFO:paramiko.transport:Connected (version 2.0, client Cisco-1.25)
DEBUG:paramiko.transport:Remote version/idstring: SSH-2.0-Cisco-1.25
INFO:paramiko.transport:Connected (version 2.0, client Cisco-1.25)
DEBUG:paramiko.transport:kex algos:['diffie-hellman-group-exchange-sha1', 'diffie-hellman-group14-sha1'] server key:['ssh-rsa'] client encrypt:['aes128-ctr', 'aes192-ctr', 'aes256-ctr'] server encrypt:['aes128-ctr', 'aes192-ctr', 'aes256-ctr'] client mac:['hmac-sha2-256', 'hmac-sha2-512', 'hmac-sha1', 'hmac-sha1-96'] server mac:['hmac-sha2-256', 'hmac-sha2-512', 'hmac-sha1', 'hmac-sha1-96'] client compress:['none'] server compress:['none'] client lang:[''] server lang:[''] kex follows?False
DEBUG:paramiko.transport:Kex agreed: diffie-hellman-group-exchange-sha1
DEBUG:paramiko.transport:HostKey agreed: ssh-rsa
DEBUG:paramiko.transport:Cipher agreed: aes128-ctr
DEBUG:paramiko.transport:MAC agreed: hmac-sha2-256
DEBUG:paramiko.transport:Compression agreed: none
DEBUG:paramiko.transport:kex algos:['diffie-hellman-group-exchange-sha1', 'diffie-hellman-group14-sha1'] server key:['ssh-rsa'] client encrypt:['aes128-ctr', 'aes192-ctr', 'aes256-ctr'] server encrypt:['aes128-ctr', 'aes192-ctr', 'aes256-ctr'] client mac:['hmac-sha2-256', 'hmac-sha2-512', 'hmac-sha1', 'hmac-sha1-96'] server mac:['hmac-sha2-256', 'hmac-sha2-512', 'hmac-sha1', 'hmac-sha1-96'] client compress:['none'] server compress:['none'] client lang:[''] server lang:[''] kex follows?False
DEBUG:paramiko.transport:Kex agreed: diffie-hellman-group-exchange-sha1
DEBUG:paramiko.transport:HostKey agreed: ssh-rsa
DEBUG:paramiko.transport:Cipher agreed: aes128-ctr
DEBUG:paramiko.transport:MAC agreed: hmac-sha2-256
DEBUG:paramiko.transport:Compression agreed: none
DEBUG:paramiko.transport:kex algos:['diffie-hellman-group-exchange-sha1', 'diffie-hellman-group14-sha1'] server key:['ssh-rsa'] client encrypt:['aes128-ctr', 'aes192-ctr', 'aes256-ctr'] server encrypt:['aes128-ctr', 'aes192-ctr', 'aes256-ctr'] client mac:['hmac-sha2-256', 'hmac-sha2-512', 'hmac-sha1', 'hmac-sha1-96'] server mac:['hmac-sha2-256', 'hmac-sha2-512', 'hmac-sha1', 'hmac-sha1-96'] client compress:['none'] server compress:['none'] client lang:[''] server lang:[''] kex follows?False
DEBUG:paramiko.transport:kex algos:['diffie-hellman-group-exchange-sha1', 'diffie-hellman-group14-sha1', 'diffie-hellman-group1-sha1'] server key:['ssh-rsa'] client encrypt:['aes128-ctr', 'aes192-ctr', 'aes256-ctr', 'aes128-cbc', '3des-cbc', 'aes192-cbc', 'aes256-cbc'] server encrypt:['aes128-ctr', 'aes192-ctr', 'aes256-ctr', 'aes128-cbc', '3des-cbc', 'aes192-cbc', 'aes256-cbc'] client mac:['hmac-sha1', 'hmac-sha1-96'] server mac:['hmac-sha1', 'hmac-sha1-96'] client compress:['none'] server compress:['none'] client lang:[''] server lang:[''] kex follows?False
DEBUG:paramiko.transport:Kex agreed: diffie-hellman-group-exchange-sha1
DEBUG:paramiko.transport:Kex agreed: diffie-hellman-group-exchange-sha1
DEBUG:paramiko.transport:HostKey agreed: ssh-rsa
DEBUG:paramiko.transport:HostKey agreed: ssh-rsa
DEBUG:paramiko.transport:Cipher agreed: aes128-ctr
DEBUG:paramiko.transport:MAC agreed: hmac-sha1
DEBUG:paramiko.transport:Cipher agreed: aes128-ctr
DEBUG:paramiko.transport:Compression agreed: none
DEBUG:paramiko.transport:MAC agreed: hmac-sha2-256
DEBUG:paramiko.transport:Compression agreed: none
DEBUG:paramiko.transport:Got server p (2048 bits)
DEBUG:paramiko.transport:Got server p (2048 bits)
DEBUG:paramiko.transport:Got server p (2048 bits)
DEBUG:paramiko.transport:Got server p (2048 bits)
DEBUG:paramiko.transport:kex engine KexGex specified hash_algo <built-in function openssl_sha1>
DEBUG:paramiko.transport:Switch to new keys ...
DEBUG:paramiko.transport:Adding ssh-rsa host key for [127.0.0.1]:60004: b'a3190114aede32c94b46d2668b64a700'
DEBUG:paramiko.transport:kex engine KexGex specified hash_algo <built-in function openssl_sha1>
DEBUG:paramiko.transport:Switch to new keys ...
DEBUG:paramiko.transport:Adding ssh-rsa host key for [127.0.0.1]:60002: b'ca70d17bb44197afd187a6800ff20a74'
DEBUG:paramiko.transport:kex engine KexGex specified hash_algo <built-in function openssl_sha1>
DEBUG:paramiko.transport:Switch to new keys ...
DEBUG:paramiko.transport:Adding ssh-rsa host key for [127.0.0.1]:60001: b'a60eb3d72c399013400e709ce3503daf'
DEBUG:paramiko.transport:userauth is OK
DEBUG:paramiko.transport:kex engine KexGex specified hash_algo <built-in function openssl_sha1>
DEBUG:paramiko.transport:Switch to new keys ...
DEBUG:paramiko.transport:Adding ssh-rsa host key for [127.0.0.1]:60003: b'ed116846775cb2d91e4d447523d9ee45'
DEBUG:paramiko.transport:userauth is OK
DEBUG:paramiko.transport:userauth is OK
INFO:paramiko.transport:Authentication (password) successful!
DEBUG:paramiko.transport:userauth is OK
DEBUG:paramiko.transport:[chan 0] Max packet in: 32768 bytes
INFO:paramiko.transport:Authentication (password) successful!
INFO:paramiko.transport:Authentication (password) successful!
DEBUG:paramiko.transport:[chan 0] Max packet in: 32768 bytes
DEBUG:paramiko.transport:[chan 0] Max packet in: 32768 bytes
DEBUG:paramiko.transport:[chan 0] Max packet out: 4096 bytes
INFO:paramiko.transport:Authentication (password) successful!
DEBUG:paramiko.transport:Secsh channel 0 opened.
DEBUG:paramiko.transport:[chan 0] Max packet in: 32768 bytes
DEBUG:paramiko.transport:[chan 0] Max packet out: 4096 bytes
DEBUG:paramiko.transport:[chan 0] Max packet out: 4096 bytes
DEBUG:paramiko.transport:Secsh channel 0 opened.
DEBUG:paramiko.transport:Secsh channel 0 opened.
DEBUG:paramiko.transport:[chan 0] Max packet out: 4096 bytes
DEBUG:paramiko.transport:[chan 0] Sesch channel 0 request ok
DEBUG:paramiko.transport:Secsh channel 0 opened.
DEBUG:paramiko.transport:[chan 0] Sesch channel 0 request ok
DEBUG:paramiko.transport:[chan 0] Sesch channel 0 request ok
DEBUG:paramiko.transport:[chan 0] Sesch channel 0 request ok
DEBUG:paramiko.transport:[chan 0] Sesch channel 0 request ok
DEBUG:paramiko.transport:[chan 0] Sesch channel 0 request ok
DEBUG:paramiko.transport:[chan 0] Sesch channel 0 request ok
DEBUG:paramiko.transport:[chan 0] Sesch channel 0 request ok
DEBUG:netmiko:read_channel: 
R3#
DEBUG:netmiko:read_channel: 
DEBUG:netmiko:read_channel: 
switch01#
DEBUG:netmiko:read_channel: 
R1#
DEBUG:netmiko:read_channel: 
DEBUG:netmiko:read_channel: 
DEBUG:netmiko:read_channel: 
R2#
DEBUG:netmiko:read_channel: 
DEBUG:netmiko:read_channel: 
DEBUG:netmiko:read_channel: 
DEBUG:netmiko:write_channel: b'\n'
DEBUG:netmiko:read_channel: 
DEBUG:netmiko:read_channel: 
DEBUG:netmiko:write_channel: b'\n'
DEBUG:netmiko:read_channel: 
DEBUG:netmiko:read_channel: 
DEBUG:netmiko:read_channel: 
DEBUG:netmiko:write_channel: b'\n'
DEBUG:netmiko:read_channel: 
DEBUG:netmiko:read_channel: 
DEBUG:netmiko:write_channel: b'\n'
DEBUG:netmiko:write_channel: b'\n'
DEBUG:netmiko:read_channel: 
DEBUG:netmiko:read_channel: 
DEBUG:netmiko:read_channel: 
DEBUG:netmiko:read_channel: 
DEBUG:netmiko:write_channel: b'\n'
DEBUG:netmiko:write_channel: b'\n'
DEBUG:netmiko:read_channel: 
DEBUG:netmiko:read_channel: 

DEBUG:netmiko:write_channel: b'\n'
DEBUG:netmiko:read_channel: 
DEBUG:netmiko:write_channel: b'\n'
DEBUG:netmiko:read_channel: 
DEBUG:netmiko:write_channel: b'\n'
DEBUG:netmiko:read_channel: 
DEBUG:netmiko:write_channel: b'\n'
DEBUG:netmiko:read_channel: 
DEBUG:netmiko:read_channel: 
DEBUG:netmiko:write_channel: b'\n'
DEBUG:netmiko:read_channel: 
DEBUG:netmiko:write_channel: b'\n'
DEBUG:netmiko:read_channel: 
DEBUG:netmiko:write_channel: b'\n'
DEBUG:netmiko:read_channel: 
DEBUG:netmiko:write_channel: b'\n'
DEBUG:netmiko:read_channel: R3#
R3#
R3#
DEBUG:netmiko:read_channel: 
DEBUG:netmiko:write_channel: b'\n'
DEBUG:netmiko:read_channel: 
R3#
DEBUG:netmiko:Clear buffer detects data in the channel
DEBUG:netmiko:read_channel: 
switch01#
switch01#
switch01#
switch01#
DEBUG:netmiko:read_channel: 
R1#
R1#
R1#
DEBUG:netmiko:read_channel: 
DEBUG:netmiko:[find_prompt()]: prompt is R3#
DEBUG:netmiko:read_channel: 
DEBUG:netmiko:[find_prompt()]: prompt is switch01#
DEBUG:netmiko:read_channel: 
R1#
DEBUG:netmiko:Clear buffer detects data in the channel
DEBUG:netmiko:read_channel: 
R2#
R2#
R2#
DEBUG:netmiko:read_channel: 
DEBUG:netmiko:In disable_paging
DEBUG:netmiko:Command: terminal length 0

DEBUG:netmiko:write_channel: b'terminal length 0\n'
DEBUG:netmiko:Pattern is: terminal\ length\ 0
DEBUG:netmiko:read_channel: 
DEBUG:netmiko:In disable_paging
DEBUG:netmiko:Command: terminal length 0

DEBUG:netmiko:read_channel: 
DEBUG:netmiko:[find_prompt()]: prompt is R1#
DEBUG:netmiko:write_channel: b'terminal length 0\n'
DEBUG:netmiko:Pattern is: terminal\ length\ 0
DEBUG:netmiko:read_channel: 
DEBUG:netmiko:[find_prompt()]: prompt is R2#
DEBUG:netmiko:read_channel: 
DEBUG:netmiko:In disable_paging
DEBUG:netmiko:Command: terminal length 0

DEBUG:netmiko:write_channel: b'terminal length 0\n'
DEBUG:netmiko:Pattern is: terminal\ length\ 0
DEBUG:netmiko:read_channel: 
R2#
DEBUG:netmiko:Clear buffer detects data in the channel
DEBUG:netmiko:_read_channel_expect read_data: t
DEBUG:netmiko:_read_channel_expect read_data: termina
DEBUG:netmiko:read_channel: 
DEBUG:netmiko:_read_channel_expect read_data: l 
DEBUG:netmiko:_read_channel_expect read_data: ermin
DEBUG:netmiko:In disable_paging
DEBUG:netmiko:Command: terminal length 0

DEBUG:netmiko:write_channel: b'terminal length 0\n'
DEBUG:netmiko:Pattern is: terminal\ length\ 0
DEBUG:netmiko:_read_channel_expect read_data: length 0

DEBUG:netmiko:_read_channel_expect read_data: al len
DEBUG:netmiko:Pattern found: terminal\ length\ 0 terminal length 0

DEBUG:netmiko:terminal length 0

DEBUG:netmiko:Exiting disable_paging
DEBUG:netmiko:write_channel: b'terminal width 511\n'
DEBUG:netmiko:Pattern is: terminal\ width\ 511
DEBUG:netmiko:_read_channel_expect read_data: switch01#
DEBUG:netmiko:_read_channel_expect read_data: gth 0
R3#
DEBUG:netmiko:Pattern found: terminal\ length\ 0 terminal length 0
R3#
DEBUG:netmiko:terminal length 0
R3#
DEBUG:netmiko:Exiting disable_paging
DEBUG:netmiko:write_channel: b'terminal width 511\n'
DEBUG:netmiko:Pattern is: terminal\ width\ 511
DEBUG:netmiko:_read_channel_expect read_data: terminal lengt
DEBUG:netmiko:_read_channel_expect read_data: h 0
R1#
DEBUG:netmiko:Pattern found: terminal\ length\ 0 terminal length 0
R1#
DEBUG:netmiko:terminal length 0
R1#
DEBUG:netmiko:Exiting disable_paging
DEBUG:netmiko:write_channel: b'terminal width 511\n'
DEBUG:netmiko:Pattern is: terminal\ width\ 511
DEBUG:netmiko:_read_channel_expect read_data: terminal l
DEBUG:netmiko:_read_channel_expect read_data: termi
DEBUG:netmiko:_read_channel_expect read_data: ength 0
R2#
DEBUG:netmiko:Pattern found: terminal\ length\ 0 terminal length 0
R2#
DEBUG:netmiko:terminal length 0
R2#
DEBUG:netmiko:Exiting disable_paging
DEBUG:netmiko:write_channel: b'terminal width 511\n'
DEBUG:netmiko:Pattern is: terminal\ width\ 511
DEBUG:netmiko:_read_channel_expect read_data: nal width 
DEBUG:netmiko:_read_channel_expect read_data: 51
DEBUG:netmiko:_read_channel_expect read_data: termi
DEBUG:netmiko:_read_channel_expect read_data: termi
DEBUG:netmiko:_read_channel_expect read_data: 1
switch01#
DEBUG:netmiko:Pattern found: terminal\ width\ 511 switch01#terminal width 511
switch01#
DEBUG:netmiko:_read_channel_expect read_data: nal width 511
R3#
DEBUG:netmiko:Pattern found: terminal\ width\ 511 terminal width 511
R3#
DEBUG:netmiko:_read_channel_expect read_data: nal width 511
R1#
DEBUG:netmiko:Pattern found: terminal\ width\ 511 terminal width 511
R1#
DEBUG:netmiko:_read_channel_expect read_data: terminal width 
DEBUG:netmiko:read_channel: 
DEBUG:netmiko:read_channel: 
DEBUG:netmiko:read_channel: 
DEBUG:paramiko.transport:starting thread (client mode): 0xa2b70e90
DEBUG:paramiko.transport:starting thread (client mode): 0xa2b780d0
DEBUG:paramiko.transport:starting thread (client mode): 0xa2b781d0
DEBUG:paramiko.transport:Local version/idstring: SSH-2.0-paramiko_2.7.1
DEBUG:paramiko.transport:Local version/idstring: SSH-2.0-paramiko_2.7.1
DEBUG:paramiko.transport:Local version/idstring: SSH-2.0-paramiko_2.7.1
DEBUG:paramiko.transport:starting thread (client mode): 0xa2b78350
DEBUG:paramiko.transport:Local version/idstring: SSH-2.0-paramiko_2.7.1
DEBUG:paramiko.transport:Remote version/idstring: SSH-2.0-Cisco-1.25
DEBUG:paramiko.transport:Remote version/idstring: SSH-2.0-Cisco-1.25
INFO:paramiko.transport:Connected (version 2.0, client Cisco-1.25)
INFO:paramiko.transport:Connected (version 2.0, client Cisco-1.25)
DEBUG:paramiko.transport:Remote version/idstring: SSH-2.0-Cisco-1.25
INFO:paramiko.transport:Connected (version 2.0, client Cisco-1.25)
DEBUG:paramiko.transport:Remote version/idstring: SSH-2.0-Cisco-1.25
INFO:paramiko.transport:Connected (version 2.0, client Cisco-1.25)
DEBUG:paramiko.transport:kex algos:['diffie-hellman-group-exchange-sha1', 'diffie-hellman-group14-sha1', 'diffie-hellman-group1-sha1'] server key:['ssh-rsa'] client encrypt:['aes128-ctr', 'aes192-ctr', 'aes256-ctr', 'aes128-cbc', '3des-cbc', 'aes192-cbc', 'aes256-cbc'] server encrypt:['aes128-ctr', 'aes192-ctr', 'aes256-ctr', 'aes128-cbc', '3des-cbc', 'aes192-cbc', 'aes256-cbc'] client mac:['hmac-sha1', 'hmac-sha1-96'] server mac:['hmac-sha1', 'hmac-sha1-96'] client compress:['none'] server compress:['none'] client lang:[''] server lang:[''] kex follows?False
DEBUG:paramiko.transport:Kex agreed: diffie-hellman-group-exchange-sha1
DEBUG:paramiko.transport:HostKey agreed: ssh-rsa
DEBUG:paramiko.transport:Cipher agreed: aes128-ctr
DEBUG:paramiko.transport:MAC agreed: hmac-sha1
DEBUG:paramiko.transport:Compression agreed: none
DEBUG:paramiko.transport:kex algos:['diffie-hellman-group-exchange-sha1', 'diffie-hellman-group14-sha1'] server key:['ssh-rsa'] client encrypt:['aes128-ctr', 'aes192-ctr', 'aes256-ctr'] server encrypt:['aes128-ctr', 'aes192-ctr', 'aes256-ctr'] client mac:['hmac-sha2-256', 'hmac-sha2-512', 'hmac-sha1', 'hmac-sha1-96'] server mac:['hmac-sha2-256', 'hmac-sha2-512', 'hmac-sha1', 'hmac-sha1-96'] client compress:['none'] server compress:['none'] client lang:[''] server lang:[''] kex follows?False
DEBUG:paramiko.transport:kex algos:['diffie-hellman-group-exchange-sha1', 'diffie-hellman-group14-sha1'] server key:['ssh-rsa'] client encrypt:['aes128-ctr', 'aes192-ctr', 'aes256-ctr'] server encrypt:['aes128-ctr', 'aes192-ctr', 'aes256-ctr'] client mac:['hmac-sha2-256', 'hmac-sha2-512', 'hmac-sha1', 'hmac-sha1-96'] server mac:['hmac-sha2-256', 'hmac-sha2-512', 'hmac-sha1', 'hmac-sha1-96'] client compress:['none'] server compress:['none'] client lang:[''] server lang:[''] kex follows?False
DEBUG:paramiko.transport:kex algos:['diffie-hellman-group-exchange-sha1', 'diffie-hellman-group14-sha1'] server key:['ssh-rsa'] client encrypt:['aes128-ctr', 'aes192-ctr', 'aes256-ctr'] server encrypt:['aes128-ctr', 'aes192-ctr', 'aes256-ctr'] client mac:['hmac-sha2-256', 'hmac-sha2-512', 'hmac-sha1', 'hmac-sha1-96'] server mac:['hmac-sha2-256', 'hmac-sha2-512', 'hmac-sha1', 'hmac-sha1-96'] client compress:['none'] server compress:['none'] client lang:[''] server lang:[''] kex follows?False
DEBUG:paramiko.transport:Kex agreed: diffie-hellman-group-exchange-sha1
DEBUG:paramiko.transport:Kex agreed: diffie-hellman-group-exchange-sha1
DEBUG:paramiko.transport:HostKey agreed: ssh-rsa
DEBUG:paramiko.transport:HostKey agreed: ssh-rsa
DEBUG:paramiko.transport:Kex agreed: diffie-hellman-group-exchange-sha1
DEBUG:paramiko.transport:Cipher agreed: aes128-ctr
DEBUG:paramiko.transport:Cipher agreed: aes128-ctr
DEBUG:paramiko.transport:MAC agreed: hmac-sha2-256
DEBUG:paramiko.transport:HostKey agreed: ssh-rsa
DEBUG:paramiko.transport:MAC agreed: hmac-sha2-256
DEBUG:paramiko.transport:Compression agreed: none
DEBUG:paramiko.transport:Compression agreed: none
DEBUG:paramiko.transport:Cipher agreed: aes128-ctr
DEBUG:paramiko.transport:MAC agreed: hmac-sha2-256
DEBUG:paramiko.transport:Compression agreed: none
DEBUG:paramiko.transport:Got server p (2048 bits)
DEBUG:paramiko.transport:Got server p (2048 bits)
DEBUG:paramiko.transport:Got server p (2048 bits)
DEBUG:paramiko.transport:Got server p (2048 bits)
DEBUG:paramiko.transport:kex engine KexGex specified hash_algo <built-in function openssl_sha1>
DEBUG:paramiko.transport:Switch to new keys ...
DEBUG:paramiko.transport:Adding ssh-rsa host key for [127.0.0.1]:60001: b'a60eb3d72c399013400e709ce3503daf'
DEBUG:paramiko.transport:kex engine KexGex specified hash_algo <built-in function openssl_sha1>
DEBUG:paramiko.transport:Switch to new keys ...
DEBUG:paramiko.transport:Adding ssh-rsa host key for [127.0.0.1]:60004: b'a3190114aede32c94b46d2668b64a700'
DEBUG:paramiko.transport:kex engine KexGex specified hash_algo <built-in function openssl_sha1>
DEBUG:paramiko.transport:kex engine KexGex specified hash_algo <built-in function openssl_sha1>
DEBUG:paramiko.transport:Switch to new keys ...
DEBUG:paramiko.transport:Switch to new keys ...
DEBUG:paramiko.transport:Adding ssh-rsa host key for [127.0.0.1]:60002: b'ca70d17bb44197afd187a6800ff20a74'
DEBUG:paramiko.transport:Adding ssh-rsa host key for [127.0.0.1]:60003: b'ed116846775cb2d91e4d447523d9ee45'
DEBUG:paramiko.transport:userauth is OK
DEBUG:paramiko.transport:userauth is OK
DEBUG:paramiko.transport:userauth is OK
DEBUG:paramiko.transport:userauth is OK
INFO:paramiko.transport:Authentication (password) successful!
DEBUG:paramiko.transport:[chan 0] Max packet in: 32768 bytes
INFO:paramiko.transport:Authentication (password) successful!
INFO:paramiko.transport:Authentication (password) successful!
INFO:paramiko.transport:Authentication (password) successful!
DEBUG:paramiko.transport:[chan 0] Max packet in: 32768 bytes
DEBUG:paramiko.transport:[chan 0] Max packet in: 32768 bytes
DEBUG:paramiko.transport:[chan 0] Max packet in: 32768 bytes
DEBUG:paramiko.transport:[chan 0] Max packet out: 4096 bytes
DEBUG:paramiko.transport:Secsh channel 0 opened.
DEBUG:paramiko.transport:[chan 0] Max packet out: 4096 bytes
DEBUG:paramiko.transport:[chan 0] Max packet out: 4096 bytes
DEBUG:paramiko.transport:[chan 0] Max packet out: 4096 bytes
DEBUG:paramiko.transport:Secsh channel 0 opened.
DEBUG:paramiko.transport:Secsh channel 0 opened.
DEBUG:paramiko.transport:Secsh channel 0 opened.
DEBUG:paramiko.transport:[chan 0] Sesch channel 0 request ok
DEBUG:paramiko.transport:[chan 0] Sesch channel 0 request ok
DEBUG:paramiko.transport:[chan 0] Sesch channel 0 request ok
DEBUG:paramiko.transport:[chan 0] Sesch channel 0 request ok
DEBUG:paramiko.transport:[chan 0] Sesch channel 0 request ok
DEBUG:paramiko.transport:[chan 0] Sesch channel 0 request ok
DEBUG:paramiko.transport:[chan 0] Sesch channel 0 request ok
DEBUG:paramiko.transport:[chan 0] Sesch channel 0 request ok
DEBUG:netmiko:read_channel: 
switch01#
DEBUG:netmiko:read_channel: 
DEBUG:netmiko:read_channel: 
R3#
DEBUG:netmiko:read_channel: 
R2#
DEBUG:netmiko:read_channel: 
R1#
DEBUG:netmiko:read_channel: 
DEBUG:netmiko:read_channel: 
DEBUG:netmiko:read_channel: 
DEBUG:netmiko:read_channel: 
DEBUG:netmiko:read_channel: 
DEBUG:netmiko:write_channel: b'\n'
DEBUG:netmiko:read_channel: 
DEBUG:netmiko:read_channel: 
DEBUG:netmiko:write_channel: b'\n'
DEBUG:netmiko:read_channel: 
DEBUG:netmiko:write_channel: b'\n'
DEBUG:netmiko:read_channel: 
DEBUG:netmiko:write_channel: b'\n'
DEBUG:netmiko:read_channel: 
DEBUG:netmiko:read_channel: 
DEBUG:netmiko:read_channel: 
DEBUG:netmiko:read_channel: 
DEBUG:netmiko:read_channel: 
DEBUG:netmiko:write_channel: b'\n'
DEBUG:netmiko:write_channel: b'\n'
DEBUG:netmiko:read_channel: 
DEBUG:netmiko:write_channel: b'\n'
DEBUG:netmiko:read_channel: 
DEBUG:netmiko:read_channel: 
DEBUG:netmiko:read_channel: 
DEBUG:netmiko:read_channel: 
DEBUG:netmiko:write_channel: b'\n'
DEBUG:netmiko:write_channel: b'\n'
DEBUG:netmiko:read_channel: 
DEBUG:netmiko:read_channel: 
DEBUG:netmiko:write_channel: b'\n'
DEBUG:netmiko:read_channel: 
DEBUG:netmiko:read_channel: 
DEBUG:netmiko:write_channel: b'\n'
DEBUG:netmiko:write_channel: b'\n'
DEBUG:netmiko:read_channel: 
DEBUG:netmiko:write_channel: b'\n'
DEBUG:netmiko:read_channel: 

DEBUG:netmiko:write_channel: b'\n'
DEBUG:netmiko:read_channel: 
DEBUG:netmiko:write_channel: b'\n'
DEBUG:netmiko:read_channel: 
DEBUG:netmiko:read_channel: 
DEBUG:netmiko:write_channel: b'\n'
DEBUG:netmiko:write_channel: b'\n'
DEBUG:netmiko:read_channel: 
R1#
R1#
DEBUG:netmiko:read_channel: 
R2#
R2#

DEBUG:netmiko:read_channel: 
R3#
R3#

DEBUG:netmiko:read_channel: R2#
DEBUG:netmiko:Clear buffer detects data in the channel
DEBUG:netmiko:read_channel: 
R1#
DEBUG:netmiko:Clear buffer detects data in the channel
DEBUG:netmiko:read_channel: R3#
DEBUG:netmiko:Clear buffer detects data in the channel
DEBUG:netmiko:read_channel: switch01#
switch01#
switch01#
switch01#
switch01#
DEBUG:netmiko:read_channel: 
DEBUG:netmiko:[find_prompt()]: prompt is R2#
DEBUG:netmiko:read_channel: 
DEBUG:netmiko:[find_prompt()]: prompt is R3#
DEBUG:netmiko:read_channel: 
DEBUG:netmiko:[find_prompt()]: prompt is R1#
DEBUG:netmiko:read_channel: 
DEBUG:netmiko:[find_prompt()]: prompt is switch01#
DEBUG:netmiko:read_channel: 
R3#
DEBUG:netmiko:read_channel: 
R2#
DEBUG:netmiko:Clear buffer detects data in the channel
DEBUG:netmiko:read_channel: 
R1#
DEBUG:netmiko:Clear buffer detects data in the channel
DEBUG:netmiko:Clear buffer detects data in the channel
DEBUG:netmiko:read_channel: 
DEBUG:netmiko:In disable_paging
DEBUG:netmiko:Command: terminal length 0

DEBUG:netmiko:write_channel: b'terminal length 0\n'
DEBUG:netmiko:Pattern is: terminal\ length\ 0
DEBUG:netmiko:read_channel: 
DEBUG:netmiko:read_channel: 
DEBUG:netmiko:In disable_paging
DEBUG:netmiko:In disable_paging
DEBUG:netmiko:Command: terminal length 0

DEBUG:netmiko:Command: terminal length 0

DEBUG:netmiko:write_channel: b'terminal length 0\n'
DEBUG:netmiko:Pattern is: terminal\ length\ 0
DEBUG:netmiko:read_channel: 
DEBUG:netmiko:In disable_paging
DEBUG:netmiko:Command: terminal length 0

DEBUG:netmiko:write_channel: b'terminal length 0\n'
DEBUG:netmiko:write_channel: b'terminal length 0\n'
DEBUG:netmiko:Pattern is: terminal\ length\ 0
DEBUG:netmiko:Pattern is: terminal\ length\ 0
DEBUG:netmiko:_read_channel_expect read_data: te
DEBUG:netmiko:_read_channel_expect read_data: terminal
DEBUG:netmiko:_read_channel_expect read_data: te
DEBUG:netmiko:_read_channel_expect read_data: term
DEBUG:netmiko:_read_channel_expect read_data: rminal length 0
switch01#
DEBUG:netmiko:Pattern found: terminal\ length\ 0 terminal length 0
switch01#
DEBUG:netmiko:terminal length 0
switch01#
DEBUG:netmiko:Exiting disable_paging
DEBUG:netmiko:write_channel: b'terminal width 511\n'
DEBUG:netmiko:Pattern is: terminal\ width\ 511
DEBUG:netmiko:_read_channel_expect read_data:  length 0
R1#
DEBUG:netmiko:Pattern found: terminal\ length\ 0 terminal length 0
R1#
DEBUG:netmiko:terminal length 0
R1#
DEBUG:netmiko:Exiting disable_paging
DEBUG:netmiko:write_channel: b'terminal width 511\n'
DEBUG:netmiko:Pattern is: terminal\ width\ 511
DEBUG:netmiko:_read_channel_expect read_data: inal le
DEBUG:netmiko:_read_channel_expect read_data: rminal le
DEBUG:netmiko:_read_channel_expect read_data: ngth 0

DEBUG:netmiko:_read_channel_expect read_data: ngth 0
R2#
DEBUG:netmiko:Pattern found: terminal\ length\ 0 terminal length 0

DEBUG:netmiko:Pattern found: terminal\ length\ 0 terminal length 0
R2#
DEBUG:netmiko:terminal length 0
R2#
DEBUG:netmiko:terminal length 0

DEBUG:netmiko:Exiting disable_paging
DEBUG:netmiko:Exiting disable_paging
DEBUG:netmiko:write_channel: b'terminal width 511\n'
DEBUG:netmiko:write_channel: b'terminal width 511\n'
DEBUG:netmiko:Pattern is: terminal\ width\ 511
DEBUG:netmiko:Pattern is: terminal\ width\ 511
DEBUG:netmiko:_read_channel_expect read_data: R3#
DEBUG:netmiko:_read_channel_expect read_data: te
DEBUG:netmiko:_read_channel_expect read_data: termi
DEBUG:netmiko:_read_channel_expect read_data: ter
DEBUG:netmiko:_read_channel_expect read_data: te
DEBUG:netmiko:_read_channel_expect read_data: rminal width 511
switch01#
DEBUG:netmiko:Pattern found: terminal\ width\ 511 terminal width 511
switch01#
DEBUG:netmiko:_read_channel_expect read_data: nal width 511
R1#
DEBUG:netmiko:Pattern found: terminal\ width\ 511 terminal width 511
R1#
DEBUG:netmiko:_read_channel_expect read_data: r
DEBUG:netmiko:_read_channel_expect read_data: minal width 51
DEBUG:netmiko:_read_channel_expect read_data: minal width 51
DEBUG:netmiko:_read_channel_expect read_data: 1
R3#
DEBUG:netmiko:Pattern found: terminal\ width\ 511 R3#terminal width 511
R3#
DEBUG:netmiko:_read_channel_expect read_data: 1
R2#
DEBUG:netmiko:Pattern found: terminal\ width\ 511 terminal width 511
R2#
DEBUG:netmiko:read_channel: 
DEBUG:netmiko:read_channel: 
DEBUG:paramiko.transport:starting thread (client mode): 0xb28f0350
DEBUG:paramiko.transport:Local version/idstring: SSH-2.0-paramiko_2.7.1
DEBUG:paramiko.transport:starting thread (client mode): 0xb28f01d0
DEBUG:paramiko.transport:Local version/idstring: SSH-2.0-paramiko_2.7.1
DEBUG:paramiko.transport:starting thread (client mode): 0xb28f0490
DEBUG:paramiko.transport:Local version/idstring: SSH-2.0-paramiko_2.7.1
DEBUG:paramiko.transport:starting thread (client mode): 0xb28ef0d0
DEBUG:paramiko.transport:Local version/idstring: SSH-2.0-paramiko_2.7.1
DEBUG:paramiko.transport:Remote version/idstring: SSH-2.0-Cisco-1.25
INFO:paramiko.transport:Connected (version 2.0, client Cisco-1.25)
DEBUG:paramiko.transport:Remote version/idstring: SSH-2.0-Cisco-1.25
INFO:paramiko.transport:Connected (version 2.0, client Cisco-1.25)
DEBUG:paramiko.transport:Remote version/idstring: SSH-2.0-Cisco-1.25
INFO:paramiko.transport:Connected (version 2.0, client Cisco-1.25)
DEBUG:paramiko.transport:Remote version/idstring: SSH-2.0-Cisco-1.25
INFO:paramiko.transport:Connected (version 2.0, client Cisco-1.25)
DEBUG:paramiko.transport:kex algos:['diffie-hellman-group-exchange-sha1', 'diffie-hellman-group14-sha1'] server key:['ssh-rsa'] client encrypt:['aes128-ctr', 'aes192-ctr', 'aes256-ctr'] server encrypt:['aes128-ctr', 'aes192-ctr', 'aes256-ctr'] client mac:['hmac-sha2-256', 'hmac-sha2-512', 'hmac-sha1', 'hmac-sha1-96'] server mac:['hmac-sha2-256', 'hmac-sha2-512', 'hmac-sha1', 'hmac-sha1-96'] client compress:['none'] server compress:['none'] client lang:[''] server lang:[''] kex follows?False
DEBUG:paramiko.transport:Kex agreed: diffie-hellman-group-exchange-sha1
DEBUG:paramiko.transport:HostKey agreed: ssh-rsa
DEBUG:paramiko.transport:Cipher agreed: aes128-ctr
DEBUG:paramiko.transport:MAC agreed: hmac-sha2-256
DEBUG:paramiko.transport:Compression agreed: none
DEBUG:paramiko.transport:kex algos:['diffie-hellman-group-exchange-sha1', 'diffie-hellman-group14-sha1', 'diffie-hellman-group1-sha1'] server key:['ssh-rsa'] client encrypt:['aes128-ctr', 'aes192-ctr', 'aes256-ctr', 'aes128-cbc', '3des-cbc', 'aes192-cbc', 'aes256-cbc'] server encrypt:['aes128-ctr', 'aes192-ctr', 'aes256-ctr', 'aes128-cbc', '3des-cbc', 'aes192-cbc', 'aes256-cbc'] client mac:['hmac-sha1', 'hmac-sha1-96'] server mac:['hmac-sha1', 'hmac-sha1-96'] client compress:['none'] server compress:['none'] client lang:[''] server lang:[''] kex follows?False
DEBUG:paramiko.transport:kex algos:['diffie-hellman-group-exchange-sha1', 'diffie-hellman-group14-sha1'] server key:['ssh-rsa'] client encrypt:['aes128-ctr', 'aes192-ctr', 'aes256-ctr'] server encrypt:['aes128-ctr', 'aes192-ctr', 'aes256-ctr'] client mac:['hmac-sha2-256', 'hmac-sha2-512', 'hmac-sha1', 'hmac-sha1-96'] server mac:['hmac-sha2-256', 'hmac-sha2-512', 'hmac-sha1', 'hmac-sha1-96'] client compress:['none'] server compress:['none'] client lang:[''] server lang:[''] kex follows?False
DEBUG:paramiko.transport:Kex agreed: diffie-hellman-group-exchange-sha1
DEBUG:paramiko.transport:Kex agreed: diffie-hellman-group-exchange-sha1
DEBUG:paramiko.transport:HostKey agreed: ssh-rsa
DEBUG:paramiko.transport:HostKey agreed: ssh-rsa
DEBUG:paramiko.transport:Cipher agreed: aes128-ctr
DEBUG:paramiko.transport:Cipher agreed: aes128-ctr
DEBUG:paramiko.transport:MAC agreed: hmac-sha1
DEBUG:paramiko.transport:MAC agreed: hmac-sha2-256
DEBUG:paramiko.transport:Compression agreed: none
DEBUG:paramiko.transport:Compression agreed: none
DEBUG:paramiko.transport:kex algos:['diffie-hellman-group-exchange-sha1', 'diffie-hellman-group14-sha1'] server key:['ssh-rsa'] client encrypt:['aes128-ctr', 'aes192-ctr', 'aes256-ctr'] server encrypt:['aes128-ctr', 'aes192-ctr', 'aes256-ctr'] client mac:['hmac-sha2-256', 'hmac-sha2-512', 'hmac-sha1', 'hmac-sha1-96'] server mac:['hmac-sha2-256', 'hmac-sha2-512', 'hmac-sha1', 'hmac-sha1-96'] client compress:['none'] server compress:['none'] client lang:[''] server lang:[''] kex follows?False
DEBUG:paramiko.transport:Kex agreed: diffie-hellman-group-exchange-sha1
DEBUG:paramiko.transport:HostKey agreed: ssh-rsa
DEBUG:paramiko.transport:Cipher agreed: aes128-ctr
DEBUG:paramiko.transport:MAC agreed: hmac-sha2-256
DEBUG:paramiko.transport:Compression agreed: none
DEBUG:paramiko.transport:Got server p (2048 bits)
DEBUG:paramiko.transport:Got server p (2048 bits)
DEBUG:paramiko.transport:Got server p (2048 bits)
DEBUG:paramiko.transport:Got server p (2048 bits)
DEBUG:paramiko.transport:kex engine KexGex specified hash_algo <built-in function openssl_sha1>
DEBUG:paramiko.transport:Switch to new keys ...
DEBUG:paramiko.transport:Adding ssh-rsa host key for [127.0.0.1]:60003: b'ed116846775cb2d91e4d447523d9ee45'
DEBUG:paramiko.transport:kex engine KexGex specified hash_algo <built-in function openssl_sha1>
DEBUG:paramiko.transport:Switch to new keys ...
DEBUG:paramiko.transport:Adding ssh-rsa host key for [127.0.0.1]:60001: b'a60eb3d72c399013400e709ce3503daf'
DEBUG:paramiko.transport:kex engine KexGex specified hash_algo <built-in function openssl_sha1>
DEBUG:paramiko.transport:Switch to new keys ...
DEBUG:paramiko.transport:Adding ssh-rsa host key for [127.0.0.1]:60002: b'ca70d17bb44197afd187a6800ff20a74'
DEBUG:paramiko.transport:kex engine KexGex specified hash_algo <built-in function openssl_sha1>
DEBUG:paramiko.transport:Switch to new keys ...
DEBUG:paramiko.transport:Adding ssh-rsa host key for [127.0.0.1]:60004: b'a3190114aede32c94b46d2668b64a700'
DEBUG:paramiko.transport:userauth is OK
DEBUG:paramiko.transport:userauth is OK
DEBUG:paramiko.transport:userauth is OK
DEBUG:paramiko.transport:userauth is OK
INFO:paramiko.transport:Authentication (password) successful!
DEBUG:paramiko.transport:[chan 0] Max packet in: 32768 bytes
INFO:paramiko.transport:Authentication (password) successful!
DEBUG:paramiko.transport:[chan 0] Max packet in: 32768 bytes
INFO:paramiko.transport:Authentication (password) successful!
DEBUG:paramiko.transport:[chan 0] Max packet in: 32768 bytes
DEBUG:paramiko.transport:[chan 0] Max packet out: 4096 bytes
INFO:paramiko.transport:Authentication (password) successful!
DEBUG:paramiko.transport:Secsh channel 0 opened.
DEBUG:paramiko.transport:[chan 0] Max packet in: 32768 bytes
DEBUG:paramiko.transport:[chan 0] Max packet out: 4096 bytes
DEBUG:paramiko.transport:Secsh channel 0 opened.
DEBUG:paramiko.transport:[chan 0] Max packet out: 4096 bytes
DEBUG:paramiko.transport:Secsh channel 0 opened.
DEBUG:paramiko.transport:[chan 0] Sesch channel 0 request ok
DEBUG:paramiko.transport:[chan 0] Max packet out: 4096 bytes
DEBUG:paramiko.transport:Secsh channel 0 opened.
DEBUG:paramiko.transport:[chan 0] Sesch channel 0 request ok
DEBUG:paramiko.transport:[chan 0] Sesch channel 0 request ok
DEBUG:paramiko.transport:[chan 0] Sesch channel 0 request ok
DEBUG:paramiko.transport:[chan 0] Sesch channel 0 request ok
DEBUG:paramiko.transport:[chan 0] Sesch channel 0 request ok
DEBUG:paramiko.transport:[chan 0] Sesch channel 0 request ok
DEBUG:paramiko.transport:[chan 0] Sesch channel 0 request ok
DEBUG:netmiko:read_channel: 
R2#
DEBUG:netmiko:read_channel: 
DEBUG:netmiko:read_channel: 
R3#
DEBUG:netmiko:read_channel: 
switch01#
DEBUG:netmiko:read_channel: 
DEBUG:netmiko:read_channel: 
DEBUG:netmiko:read_channel: 
R1#
DEBUG:netmiko:read_channel: 
DEBUG:netmiko:read_channel: 
DEBUG:netmiko:read_channel: 
DEBUG:netmiko:write_channel: b'\n'
DEBUG:netmiko:read_channel: 
DEBUG:netmiko:read_channel: 
DEBUG:netmiko:read_channel: 
DEBUG:netmiko:read_channel: 
DEBUG:netmiko:write_channel: b'\n'
DEBUG:netmiko:read_channel: 
DEBUG:netmiko:write_channel: b'\n'
DEBUG:netmiko:read_channel: 
DEBUG:netmiko:write_channel: b'\n'
DEBUG:netmiko:read_channel: 
DEBUG:netmiko:write_channel: b'\n'
DEBUG:netmiko:read_channel: 
DEBUG:netmiko:read_channel: 
DEBUG:netmiko:write_channel: b'\n'
DEBUG:netmiko:read_channel: 
DEBUG:netmiko:read_channel: 
DEBUG:netmiko:write_channel: b'\n'
DEBUG:netmiko:read_channel: 
DEBUG:netmiko:read_channel: 
DEBUG:netmiko:read_channel: 
DEBUG:netmiko:write_channel: b'\n'
DEBUG:netmiko:write_channel: b'\n'
DEBUG:netmiko:read_channel: 

DEBUG:netmiko:write_channel: b'\n'
DEBUG:netmiko:read_channel: 
DEBUG:netmiko:write_channel: b'\n'
DEBUG:netmiko:read_channel: 
DEBUG:netmiko:read_channel: 
DEBUG:netmiko:write_channel: b'\n'
DEBUG:netmiko:read_channel: 
DEBUG:netmiko:read_channel: 
DEBUG:netmiko:write_channel: b'\n'
DEBUG:netmiko:write_channel: b'\n'
DEBUG:netmiko:read_channel: 
DEBUG:netmiko:write_channel: b'\n'
DEBUG:netmiko:read_channel: R2#
R2#
R2#
DEBUG:netmiko:read_channel: 
DEBUG:netmiko:write_channel: b'\n'
DEBUG:netmiko:read_channel: 
switch01#
switch01#
switch01#

DEBUG:netmiko:read_channel: 
R3#
R3#
R3#
DEBUG:netmiko:read_channel: 
R2#
DEBUG:netmiko:Clear buffer detects data in the channel
DEBUG:netmiko:read_channel: switch01#
DEBUG:netmiko:Clear buffer detects data in the channel
DEBUG:netmiko:read_channel: 
R3#
DEBUG:netmiko:Clear buffer detects data in the channel
DEBUG:netmiko:read_channel: 
DEBUG:netmiko:[find_prompt()]: prompt is R2#
DEBUG:netmiko:read_channel: 
R1#
R1#
R1#
DEBUG:netmiko:read_channel: 
DEBUG:netmiko:read_channel: 
DEBUG:netmiko:[find_prompt()]: prompt is switch01#
DEBUG:netmiko:[find_prompt()]: prompt is R3#
DEBUG:netmiko:read_channel: 
DEBUG:netmiko:In disable_paging
DEBUG:netmiko:Command: terminal length 0

DEBUG:netmiko:write_channel: b'terminal length 0\n'
DEBUG:netmiko:Pattern is: terminal\ length\ 0
DEBUG:netmiko:read_channel: 
DEBUG:netmiko:[find_prompt()]: prompt is R1#
DEBUG:netmiko:read_channel: 
DEBUG:netmiko:read_channel: 
DEBUG:netmiko:In disable_paging
DEBUG:netmiko:In disable_paging
DEBUG:netmiko:Command: terminal length 0

DEBUG:netmiko:Command: terminal length 0

DEBUG:netmiko:write_channel: b'terminal length 0\n'
DEBUG:netmiko:write_channel: b'terminal length 0\n'
DEBUG:netmiko:Pattern is: terminal\ length\ 0
DEBUG:netmiko:Pattern is: terminal\ length\ 0
DEBUG:netmiko:read_channel: 
R1#
DEBUG:netmiko:Clear buffer detects data in the channel
DEBUG:netmiko:_read_channel_expect read_data: te
DEBUG:netmiko:read_channel: 
DEBUG:netmiko:In disable_paging
DEBUG:netmiko:Command: terminal length 0

DEBUG:netmiko:write_channel: b'terminal length 0\n'
DEBUG:netmiko:Pattern is: terminal\ length\ 0
DEBUG:netmiko:_read_channel_expect read_data: rminal lengt
DEBUG:netmiko:_read_channel_expect read_data: h 0
R2#
DEBUG:netmiko:Pattern found: terminal\ length\ 0 terminal length 0
R2#
DEBUG:netmiko:terminal length 0
R2#
DEBUG:netmiko:Exiting disable_paging
DEBUG:netmiko:write_channel: b'terminal width 511\n'
DEBUG:netmiko:Pattern is: terminal\ width\ 511
DEBUG:netmiko:_read_channel_expect read_data: te
DEBUG:netmiko:_read_channel_expect read_data: termi
DEBUG:netmiko:_read_channel_expect read_data: rminal l
DEBUG:netmiko:_read_channel_expect read_data: e
DEBUG:netmiko:_read_channel_expect read_data: nal l
DEBUG:netmiko:_read_channel_expect read_data: termina
DEBUG:netmiko:_read_channel_expect read_data: termina
DEBUG:netmiko:_read_channel_expect read_data: ngth 0
switch01#
DEBUG:netmiko:Pattern found: terminal\ length\ 0 terminal length 0
switch01#
DEBUG:netmiko:terminal length 0
switch01#
DEBUG:netmiko:Exiting disable_paging
DEBUG:netmiko:write_channel: b'terminal width 511\n'
DEBUG:netmiko:Pattern is: terminal\ width\ 511
DEBUG:netmiko:_read_channel_expect read_data: ength 0
R3#
DEBUG:netmiko:Pattern found: terminal\ length\ 0 terminal length 0
R3#
DEBUG:netmiko:terminal length 0
R3#
DEBUG:netmiko:Exiting disable_paging
DEBUG:netmiko:write_channel: b'terminal width 511\n'
DEBUG:netmiko:Pattern is: terminal\ width\ 511
DEBUG:netmiko:_read_channel_expect read_data: l wi
DEBUG:netmiko:_read_channel_expect read_data: l lengt
DEBUG:netmiko:_read_channel_expect read_data: dth 
DEBUG:netmiko:_read_channel_expect read_data: h 0
DEBUG:netmiko:Pattern found: terminal\ length\ 0 terminal length 0
DEBUG:netmiko:terminal length 0
DEBUG:netmiko:Exiting disable_paging
DEBUG:netmiko:write_channel: b'terminal width 511\n'
DEBUG:netmiko:Pattern is: terminal\ width\ 511
DEBUG:netmiko:_read_channel_expect read_data: 511
R2#
DEBUG:netmiko:Pattern found: terminal\ width\ 511 terminal width 511
R2#
DEBUG:netmiko:_read_channel_expect read_data: 
R1#
DEBUG:netmiko:_read_channel_expect read_data: t
DEBUG:netmiko:_read_channel_expect read_data: terminal
DEBUG:netmiko:_read_channel_expect read_data: ermin
DEBUG:netmiko:_read_channel_expect read_data:  
DEBUG:netmiko:_read_channel_expect read_data: al wi
DEBUG:netmiko:_read_channel_expect read_data: width 511

DEBUG:netmiko:Pattern found: terminal\ width\ 511 terminal width 511

DEBUG:netmiko:_read_channel_expect read_data: dth 511
R3#
DEBUG:netmiko:Pattern found: terminal\ width\ 511 terminal width 511
R3#
DEBUG:netmiko:read_channel: 
DEBUG:netmiko:_read_channel_expect read_data: te
DEBUG:netmiko:_read_channel_expect read_data: rminal width
DEBUG:netmiko:read_channel: switch01#
DEBUG:netmiko:Clear buffer detects data in the channel
DEBUG:netmiko:_read_channel_expect read_data:  511
R1#
DEBUG:netmiko:Pattern found: terminal\ width\ 511 
R1#terminal width 511
R1#
DEBUG:netmiko:read_channel: 
DEBUG:netmiko:read_channel: 
DEBUG:netmiko:read_channel: 
DEBUG:paramiko.transport:starting thread (client mode): 0x40b471d0
DEBUG:paramiko.transport:starting thread (client mode): 0x40b3ff50
DEBUG:paramiko.transport:Local version/idstring: SSH-2.0-paramiko_2.7.1
DEBUG:paramiko.transport:Local version/idstring: SSH-2.0-paramiko_2.7.1
DEBUG:paramiko.transport:starting thread (client mode): 0x40b47090
DEBUG:paramiko.transport:Local version/idstring: SSH-2.0-paramiko_2.7.1
DEBUG:paramiko.transport:starting thread (client mode): 0x40b47310
DEBUG:paramiko.transport:Local version/idstring: SSH-2.0-paramiko_2.7.1
DEBUG:paramiko.transport:Remote version/idstring: SSH-2.0-Cisco-1.25
DEBUG:paramiko.transport:Remote version/idstring: SSH-2.0-Cisco-1.25
INFO:paramiko.transport:Connected (version 2.0, client Cisco-1.25)
DEBUG:paramiko.transport:Remote version/idstring: SSH-2.0-Cisco-1.25
INFO:paramiko.transport:Connected (version 2.0, client Cisco-1.25)
INFO:paramiko.transport:Connected (version 2.0, client Cisco-1.25)
DEBUG:paramiko.transport:Remote version/idstring: SSH-2.0-Cisco-1.25
INFO:paramiko.transport:Connected (version 2.0, client Cisco-1.25)
DEBUG:paramiko.transport:kex algos:['diffie-hellman-group-exchange-sha1', 'diffie-hellman-group14-sha1'] server key:['ssh-rsa'] client encrypt:['aes128-ctr', 'aes192-ctr', 'aes256-ctr'] server encrypt:['aes128-ctr', 'aes192-ctr', 'aes256-ctr'] client mac:['hmac-sha2-256', 'hmac-sha2-512', 'hmac-sha1', 'hmac-sha1-96'] server mac:['hmac-sha2-256', 'hmac-sha2-512', 'hmac-sha1', 'hmac-sha1-96'] client compress:['none'] server compress:['none'] client lang:[''] server lang:[''] kex follows?False
DEBUG:paramiko.transport:kex algos:['diffie-hellman-group-exchange-sha1', 'diffie-hellman-group14-sha1'] server key:['ssh-rsa'] client encrypt:['aes128-ctr', 'aes192-ctr', 'aes256-ctr'] server encrypt:['aes128-ctr', 'aes192-ctr', 'aes256-ctr'] client mac:['hmac-sha2-256', 'hmac-sha2-512', 'hmac-sha1', 'hmac-sha1-96'] server mac:['hmac-sha2-256', 'hmac-sha2-512', 'hmac-sha1', 'hmac-sha1-96'] client compress:['none'] server compress:['none'] client lang:[''] server lang:[''] kex follows?False
DEBUG:paramiko.transport:Kex agreed: diffie-hellman-group-exchange-sha1
DEBUG:paramiko.transport:Kex agreed: diffie-hellman-group-exchange-sha1
DEBUG:paramiko.transport:HostKey agreed: ssh-rsa
DEBUG:paramiko.transport:HostKey agreed: ssh-rsa
DEBUG:paramiko.transport:Cipher agreed: aes128-ctr
DEBUG:paramiko.transport:Cipher agreed: aes128-ctr
DEBUG:paramiko.transport:MAC agreed: hmac-sha2-256
DEBUG:paramiko.transport:MAC agreed: hmac-sha2-256
DEBUG:paramiko.transport:Compression agreed: none
DEBUG:paramiko.transport:Compression agreed: none
DEBUG:paramiko.transport:kex algos:['diffie-hellman-group-exchange-sha1', 'diffie-hellman-group14-sha1', 'diffie-hellman-group1-sha1'] server key:['ssh-rsa'] client encrypt:['aes128-ctr', 'aes192-ctr', 'aes256-ctr', 'aes128-cbc', '3des-cbc', 'aes192-cbc', 'aes256-cbc'] server encrypt:['aes128-ctr', 'aes192-ctr', 'aes256-ctr', 'aes128-cbc', '3des-cbc', 'aes192-cbc', 'aes256-cbc'] client mac:['hmac-sha1', 'hmac-sha1-96'] server mac:['hmac-sha1', 'hmac-sha1-96'] client compress:['none'] server compress:['none'] client lang:[''] server lang:[''] kex follows?False
DEBUG:paramiko.transport:kex algos:['diffie-hellman-group-exchange-sha1', 'diffie-hellman-group14-sha1'] server key:['ssh-rsa'] client encrypt:['aes128-ctr', 'aes192-ctr', 'aes256-ctr'] server encrypt:['aes128-ctr', 'aes192-ctr', 'aes256-ctr'] client mac:['hmac-sha2-256', 'hmac-sha2-512', 'hmac-sha1', 'hmac-sha1-96'] server mac:['hmac-sha2-256', 'hmac-sha2-512', 'hmac-sha1', 'hmac-sha1-96'] client compress:['none'] server compress:['none'] client lang:[''] server lang:[''] kex follows?False
DEBUG:paramiko.transport:Kex agreed: diffie-hellman-group-exchange-sha1
DEBUG:paramiko.transport:HostKey agreed: ssh-rsa
DEBUG:paramiko.transport:Cipher agreed: aes128-ctr
DEBUG:paramiko.transport:MAC agreed: hmac-sha2-256
DEBUG:paramiko.transport:Compression agreed: none
DEBUG:paramiko.transport:Kex agreed: diffie-hellman-group-exchange-sha1
DEBUG:paramiko.transport:HostKey agreed: ssh-rsa
DEBUG:paramiko.transport:Cipher agreed: aes128-ctr
DEBUG:paramiko.transport:MAC agreed: hmac-sha1
DEBUG:paramiko.transport:Compression agreed: none
DEBUG:paramiko.transport:Got server p (2048 bits)
DEBUG:paramiko.transport:Got server p (2048 bits)
DEBUG:paramiko.transport:Got server p (2048 bits)
DEBUG:paramiko.transport:Got server p (2048 bits)
DEBUG:paramiko.transport:kex engine KexGex specified hash_algo <built-in function openssl_sha1>
DEBUG:paramiko.transport:Switch to new keys ...
DEBUG:paramiko.transport:Adding ssh-rsa host key for [127.0.0.1]:60004: b'a3190114aede32c94b46d2668b64a700'
DEBUG:paramiko.transport:kex engine KexGex specified hash_algo <built-in function openssl_sha1>
DEBUG:paramiko.transport:Switch to new keys ...
DEBUG:paramiko.transport:Adding ssh-rsa host key for [127.0.0.1]:60003: b'ed116846775cb2d91e4d447523d9ee45'
DEBUG:paramiko.transport:kex engine KexGex specified hash_algo <built-in function openssl_sha1>
DEBUG:paramiko.transport:Switch to new keys ...
DEBUG:paramiko.transport:Adding ssh-rsa host key for [127.0.0.1]:60002: b'ca70d17bb44197afd187a6800ff20a74'
DEBUG:paramiko.transport:userauth is OK
DEBUG:paramiko.transport:kex engine KexGex specified hash_algo <built-in function openssl_sha1>
DEBUG:paramiko.transport:Switch to new keys ...
DEBUG:paramiko.transport:Adding ssh-rsa host key for [127.0.0.1]:60001: b'a60eb3d72c399013400e709ce3503daf'
DEBUG:paramiko.transport:userauth is OK
DEBUG:paramiko.transport:userauth is OK
DEBUG:paramiko.transport:userauth is OK
INFO:paramiko.transport:Authentication (password) successful!
DEBUG:paramiko.transport:[chan 0] Max packet in: 32768 bytes
INFO:paramiko.transport:Authentication (password) successful!
DEBUG:paramiko.transport:[chan 0] Max packet in: 32768 bytes
INFO:paramiko.transport:Authentication (password) successful!
DEBUG:paramiko.transport:[chan 0] Max packet out: 4096 bytes
DEBUG:paramiko.transport:Secsh channel 0 opened.
INFO:paramiko.transport:Authentication (password) successful!
DEBUG:paramiko.transport:[chan 0] Max packet in: 32768 bytes
DEBUG:paramiko.transport:[chan 0] Max packet in: 32768 bytes
DEBUG:paramiko.transport:[chan 0] Max packet out: 4096 bytes
DEBUG:paramiko.transport:Secsh channel 0 opened.
DEBUG:paramiko.transport:[chan 0] Sesch channel 0 request ok
DEBUG:paramiko.transport:[chan 0] Max packet out: 4096 bytes
DEBUG:paramiko.transport:Secsh channel 0 opened.
DEBUG:paramiko.transport:[chan 0] Max packet out: 4096 bytes
DEBUG:paramiko.transport:Secsh channel 0 opened.
DEBUG:paramiko.transport:[chan 0] Sesch channel 0 request ok
DEBUG:paramiko.transport:[chan 0] Sesch channel 0 request ok
DEBUG:paramiko.transport:[chan 0] Sesch channel 0 request ok
DEBUG:paramiko.transport:[chan 0] Sesch channel 0 request ok
DEBUG:paramiko.transport:[chan 0] Sesch channel 0 request ok
DEBUG:paramiko.transport:[chan 0] Sesch channel 0 request ok
DEBUG:paramiko.transport:[chan 0] Sesch channel 0 request ok
DEBUG:netmiko:read_channel: 
R3#
DEBUG:netmiko:read_channel: 
DEBUG:netmiko:read_channel: 
R2#
DEBUG:netmiko:read_channel: 
DEBUG:netmiko:read_channel: 
switch01#
DEBUG:netmiko:read_channel: 
R1#
DEBUG:netmiko:read_channel: 
DEBUG:netmiko:read_channel: 
DEBUG:netmiko:read_channel: 
DEBUG:netmiko:read_channel: 
DEBUG:netmiko:write_channel: b'\n'
DEBUG:netmiko:read_channel: 
DEBUG:netmiko:read_channel: 
DEBUG:netmiko:write_channel: b'\n'
DEBUG:netmiko:read_channel: 
DEBUG:netmiko:read_channel: 
DEBUG:netmiko:write_channel: b'\n'
DEBUG:netmiko:read_channel: 
DEBUG:netmiko:write_channel: b'\n'
DEBUG:netmiko:read_channel: 
DEBUG:netmiko:read_channel: 
DEBUG:netmiko:write_channel: b'\n'
DEBUG:netmiko:read_channel: 
DEBUG:netmiko:write_channel: b'\n'
DEBUG:netmiko:read_channel: 
DEBUG:netmiko:write_channel: b'\n'
DEBUG:netmiko:read_channel: 
DEBUG:netmiko:read_channel: 
DEBUG:netmiko:read_channel: 
DEBUG:netmiko:write_channel: b'\n'
DEBUG:netmiko:read_channel: 
DEBUG:netmiko:read_channel: 
DEBUG:netmiko:write_channel: b'\n'
DEBUG:netmiko:write_channel: b'\n'
DEBUG:netmiko:read_channel: 

DEBUG:netmiko:read_channel: 
DEBUG:netmiko:read_channel: 
DEBUG:netmiko:read_channel: 
DEBUG:netmiko:read_channel: 
DEBUG:netmiko:write_channel: b'\n'
DEBUG:netmiko:write_channel: b'\n'
DEBUG:netmiko:write_channel: b'\n'
DEBUG:netmiko:read_channel: 
DEBUG:netmiko:write_channel: b'\n'
DEBUG:netmiko:read_channel: 
DEBUG:netmiko:write_channel: b'\n'
DEBUG:netmiko:read_channel: 
DEBUG:netmiko:write_channel: b'\n'
DEBUG:netmiko:read_channel: 
DEBUG:netmiko:write_channel: b'\n'
DEBUG:netmiko:read_channel: 
DEBUG:netmiko:write_channel: b'\n'
DEBUG:netmiko:read_channel: 
switch01#
switch01#
switch01#
DEBUG:netmiko:read_channel: 
R1#
R1#
R1#
DEBUG:netmiko:read_channel: R3#
R3#
R3#
R3#
R3#
DEBUG:netmiko:read_channel: 
DEBUG:netmiko:[find_prompt()]: prompt is switch01#
DEBUG:netmiko:read_channel: 
DEBUG:netmiko:[find_prompt()]: prompt is R1#
DEBUG:netmiko:read_channel: 
R2#
R2#
R2#
R2#
R2#
DEBUG:netmiko:read_channel: 
DEBUG:netmiko:[find_prompt()]: prompt is R3#
DEBUG:netmiko:read_channel: 
DEBUG:netmiko:In disable_paging
DEBUG:netmiko:Command: terminal length 0

DEBUG:netmiko:write_channel: b'terminal length 0\n'
DEBUG:netmiko:Pattern is: terminal\ length\ 0
DEBUG:netmiko:_read_channel_expect read_data: 
switch01#
DEBUG:netmiko:read_channel: 
R1#
DEBUG:netmiko:Clear buffer detects data in the channel
DEBUG:netmiko:read_channel: 
DEBUG:netmiko:[find_prompt()]: prompt is R2#
DEBUG:netmiko:read_channel: 
DEBUG:netmiko:In disable_paging
DEBUG:netmiko:Command: terminal length 0

DEBUG:netmiko:write_channel: b'terminal length 0\n'
DEBUG:netmiko:Pattern is: terminal\ length\ 0
DEBUG:netmiko:read_channel: 
DEBUG:netmiko:In disable_paging
DEBUG:netmiko:Command: terminal length 0

DEBUG:netmiko:write_channel: b'terminal length 0\n'
DEBUG:netmiko:Pattern is: terminal\ length\ 0
DEBUG:netmiko:read_channel: 
DEBUG:netmiko:In disable_paging
DEBUG:netmiko:Command: terminal length 0

DEBUG:netmiko:write_channel: b'terminal length 0\n'
DEBUG:netmiko:Pattern is: terminal\ length\ 0
DEBUG:netmiko:_read_channel_expect read_data: terminal length 0
switch01#
DEBUG:netmiko:Pattern found: terminal\ length\ 0 
switch01#terminal length 0
switch01#
DEBUG:netmiko:
switch01#terminal length 0
switch01#
DEBUG:netmiko:Exiting disable_paging
DEBUG:netmiko:write_channel: b'terminal width 511\n'
DEBUG:netmiko:Pattern is: terminal\ width\ 511
DEBUG:netmiko:_read_channel_expect read_data: terminal lengt
DEBUG:netmiko:_read_channel_expect read_data: h 0
R3#
DEBUG:netmiko:Pattern found: terminal\ length\ 0 terminal length 0
R3#
DEBUG:netmiko:terminal length 0
R3#
DEBUG:netmiko:Exiting disable_paging
DEBUG:netmiko:write_channel: b'terminal width 511\n'
DEBUG:netmiko:Pattern is: terminal\ width\ 511
DEBUG:netmiko:_read_channel_expect read_data: terminal l
DEBUG:netmiko:_read_channel_expect read_data: termi
DEBUG:netmiko:_read_channel_expect read_data: ength 0
R1#
DEBUG:netmiko:Pattern found: terminal\ length\ 0 terminal length 0
R1#
DEBUG:netmiko:terminal length 0
R1#
DEBUG:netmiko:Exiting disable_paging
DEBUG:netmiko:write_channel: b'terminal width 511\n'
DEBUG:netmiko:Pattern is: terminal\ width\ 511
DEBUG:netmiko:_read_channel_expect read_data: nal length 0
R2#
DEBUG:netmiko:Pattern found: terminal\ length\ 0 terminal length 0
R2#
DEBUG:netmiko:terminal length 0
R2#
DEBUG:netmiko:Exiting disable_paging
DEBUG:netmiko:write_channel: b'terminal width 511\n'
DEBUG:netmiko:Pattern is: terminal\ width\ 511
DEBUG:netmiko:_read_channel_expect read_data: terminal width 
DEBUG:netmiko:_read_channel_expect read_data: 511
switch01#
DEBUG:netmiko:Pattern found: terminal\ width\ 511 terminal width 511
switch01#
DEBUG:netmiko:_read_channel_expect read_data: terminal w
DEBUG:netmiko:_read_channel_expect read_data: te
DEBUG:netmiko:_read_channel_expect read_data: termina
DEBUG:netmiko:_read_channel_expect read_data: idth 511
R3#
DEBUG:netmiko:Pattern found: terminal\ width\ 511 terminal width 511
R3#
DEBUG:netmiko:_read_channel_expect read_data: l wid
DEBUG:netmiko:_read_channel_expect read_data: rm
DEBUG:netmiko:_read_channel_expect read_data: th 511
R1#
DEBUG:netmiko:Pattern found: terminal\ width\ 511 terminal width 511
R1#
DEBUG:netmiko:_read_channel_expect read_data: inal 
DEBUG:netmiko:read_channel: 
DEBUG:netmiko:_read_channel_expect read_data: width 511
R2#
DEBUG:netmiko:Pattern found: terminal\ width\ 511 terminal width 511
R2#
DEBUG:netmiko:read_channel: 
DEBUG:netmiko:read_channel: 
DEBUG:paramiko.transport:starting thread (client mode): 0xa1ce2050
DEBUG:paramiko.transport:Local version/idstring: SSH-2.0-paramiko_2.7.1
DEBUG:paramiko.transport:starting thread (client mode): 0xa1ce2150
DEBUG:paramiko.transport:Local version/idstring: SSH-2.0-paramiko_2.7.1
DEBUG:paramiko.transport:starting thread (client mode): 0xa1ce2150
DEBUG:paramiko.transport:Local version/idstring: SSH-2.0-paramiko_2.7.1
DEBUG:paramiko.transport:starting thread (client mode): 0xa1ce33d0
DEBUG:paramiko.transport:Local version/idstring: SSH-2.0-paramiko_2.7.1
DEBUG:paramiko.transport:Remote version/idstring: SSH-2.0-Cisco-1.25
DEBUG:paramiko.transport:Remote version/idstring: SSH-2.0-Cisco-1.25
INFO:paramiko.transport:Connected (version 2.0, client Cisco-1.25)
INFO:paramiko.transport:Connected (version 2.0, client Cisco-1.25)
DEBUG:paramiko.transport:Remote version/idstring: SSH-2.0-Cisco-1.25
DEBUG:paramiko.transport:Remote version/idstring: SSH-2.0-Cisco-1.25
INFO:paramiko.transport:Connected (version 2.0, client Cisco-1.25)
INFO:paramiko.transport:Connected (version 2.0, client Cisco-1.25)
DEBUG:paramiko.transport:kex algos:['diffie-hellman-group-exchange-sha1', 'diffie-hellman-group14-sha1'] server key:['ssh-rsa'] client encrypt:['aes128-ctr', 'aes192-ctr', 'aes256-ctr'] server encrypt:['aes128-ctr', 'aes192-ctr', 'aes256-ctr'] client mac:['hmac-sha2-256', 'hmac-sha2-512', 'hmac-sha1', 'hmac-sha1-96'] server mac:['hmac-sha2-256', 'hmac-sha2-512', 'hmac-sha1', 'hmac-sha1-96'] client compress:['none'] server compress:['none'] client lang:[''] server lang:[''] kex follows?False
DEBUG:paramiko.transport:kex algos:['diffie-hellman-group-exchange-sha1', 'diffie-hellman-group14-sha1'] server key:['ssh-rsa'] client encrypt:['aes128-ctr', 'aes192-ctr', 'aes256-ctr'] server encrypt:['aes128-ctr', 'aes192-ctr', 'aes256-ctr'] client mac:['hmac-sha2-256', 'hmac-sha2-512', 'hmac-sha1', 'hmac-sha1-96'] server mac:['hmac-sha2-256', 'hmac-sha2-512', 'hmac-sha1', 'hmac-sha1-96'] client compress:['none'] server compress:['none'] client lang:[''] server lang:[''] kex follows?False
DEBUG:paramiko.transport:Kex agreed: diffie-hellman-group-exchange-sha1
DEBUG:paramiko.transport:Kex agreed: diffie-hellman-group-exchange-sha1
DEBUG:paramiko.transport:HostKey agreed: ssh-rsa
DEBUG:paramiko.transport:HostKey agreed: ssh-rsa
DEBUG:paramiko.transport:Cipher agreed: aes128-ctr
DEBUG:paramiko.transport:Cipher agreed: aes128-ctr
DEBUG:paramiko.transport:MAC agreed: hmac-sha2-256
DEBUG:paramiko.transport:Compression agreed: none
DEBUG:paramiko.transport:MAC agreed: hmac-sha2-256
DEBUG:paramiko.transport:Compression agreed: none
DEBUG:paramiko.transport:kex algos:['diffie-hellman-group-exchange-sha1', 'diffie-hellman-group14-sha1'] server key:['ssh-rsa'] client encrypt:['aes128-ctr', 'aes192-ctr', 'aes256-ctr'] server encrypt:['aes128-ctr', 'aes192-ctr', 'aes256-ctr'] client mac:['hmac-sha2-256', 'hmac-sha2-512', 'hmac-sha1', 'hmac-sha1-96'] server mac:['hmac-sha2-256', 'hmac-sha2-512', 'hmac-sha1', 'hmac-sha1-96'] client compress:['none'] server compress:['none'] client lang:[''] server lang:[''] kex follows?False
DEBUG:paramiko.transport:Kex agreed: diffie-hellman-group-exchange-sha1
DEBUG:paramiko.transport:HostKey agreed: ssh-rsa
DEBUG:paramiko.transport:Cipher agreed: aes128-ctr
DEBUG:paramiko.transport:MAC agreed: hmac-sha2-256
DEBUG:paramiko.transport:Compression agreed: none
DEBUG:paramiko.transport:kex algos:['diffie-hellman-group-exchange-sha1', 'diffie-hellman-group14-sha1', 'diffie-hellman-group1-sha1'] server key:['ssh-rsa'] client encrypt:['aes128-ctr', 'aes192-ctr', 'aes256-ctr', 'aes128-cbc', '3des-cbc', 'aes192-cbc', 'aes256-cbc'] server encrypt:['aes128-ctr', 'aes192-ctr', 'aes256-ctr', 'aes128-cbc', '3des-cbc', 'aes192-cbc', 'aes256-cbc'] client mac:['hmac-sha1', 'hmac-sha1-96'] server mac:['hmac-sha1', 'hmac-sha1-96'] client compress:['none'] server compress:['none'] client lang:[''] server lang:[''] kex follows?False
DEBUG:paramiko.transport:Kex agreed: diffie-hellman-group-exchange-sha1
DEBUG:paramiko.transport:HostKey agreed: ssh-rsa
DEBUG:paramiko.transport:Cipher agreed: aes128-ctr
DEBUG:paramiko.transport:MAC agreed: hmac-sha1
DEBUG:paramiko.transport:Compression agreed: none
DEBUG:paramiko.transport:Got server p (2048 bits)
DEBUG:paramiko.transport:Got server p (2048 bits)
DEBUG:paramiko.transport:Got server p (2048 bits)
DEBUG:paramiko.transport:Got server p (2048 bits)
DEBUG:paramiko.transport:kex engine KexGex specified hash_algo <built-in function openssl_sha1>
DEBUG:paramiko.transport:Switch to new keys ...
DEBUG:paramiko.transport:Adding ssh-rsa host key for [127.0.0.1]:60003: b'ed116846775cb2d91e4d447523d9ee45'
DEBUG:paramiko.transport:kex engine KexGex specified hash_algo <built-in function openssl_sha1>
DEBUG:paramiko.transport:Switch to new keys ...
DEBUG:paramiko.transport:Adding ssh-rsa host key for [127.0.0.1]:60002: b'ca70d17bb44197afd187a6800ff20a74'
DEBUG:paramiko.transport:kex engine KexGex specified hash_algo <built-in function openssl_sha1>
DEBUG:paramiko.transport:Switch to new keys ...
DEBUG:paramiko.transport:Adding ssh-rsa host key for [127.0.0.1]:60004: b'a3190114aede32c94b46d2668b64a700'
DEBUG:paramiko.transport:userauth is OK
DEBUG:paramiko.transport:kex engine KexGex specified hash_algo <built-in function openssl_sha1>
DEBUG:paramiko.transport:Switch to new keys ...
DEBUG:paramiko.transport:Adding ssh-rsa host key for [127.0.0.1]:60001: b'a60eb3d72c399013400e709ce3503daf'
DEBUG:paramiko.transport:userauth is OK
DEBUG:paramiko.transport:userauth is OK
INFO:paramiko.transport:Authentication (password) successful!
DEBUG:paramiko.transport:userauth is OK
DEBUG:paramiko.transport:[chan 0] Max packet in: 32768 bytes
INFO:paramiko.transport:Authentication (password) successful!
DEBUG:paramiko.transport:[chan 0] Max packet in: 32768 bytes
INFO:paramiko.transport:Authentication (password) successful!
INFO:paramiko.transport:Authentication (password) successful!
DEBUG:paramiko.transport:[chan 0] Max packet out: 4096 bytes
DEBUG:paramiko.transport:Secsh channel 0 opened.
DEBUG:paramiko.transport:[chan 0] Max packet in: 32768 bytes
DEBUG:paramiko.transport:[chan 0] Max packet in: 32768 bytes
DEBUG:paramiko.transport:[chan 0] Max packet out: 4096 bytes
DEBUG:paramiko.transport:Secsh channel 0 opened.
DEBUG:paramiko.transport:[chan 0] Max packet out: 4096 bytes
DEBUG:paramiko.transport:[chan 0] Max packet out: 4096 bytes
DEBUG:paramiko.transport:Secsh channel 0 opened.
DEBUG:paramiko.transport:Secsh channel 0 opened.
DEBUG:paramiko.transport:[chan 0] Sesch channel 0 request ok
DEBUG:paramiko.transport:[chan 0] Sesch channel 0 request ok
DEBUG:paramiko.transport:[chan 0] Sesch channel 0 request ok
DEBUG:paramiko.transport:[chan 0] Sesch channel 0 request ok
DEBUG:paramiko.transport:[chan 0] Sesch channel 0 request ok
DEBUG:paramiko.transport:[chan 0] Sesch channel 0 request ok
DEBUG:paramiko.transport:[chan 0] Sesch channel 0 request ok
DEBUG:paramiko.transport:[chan 0] Sesch channel 0 request ok
DEBUG:netmiko:read_channel: 
R2#
DEBUG:netmiko:read_channel: 
DEBUG:netmiko:read_channel: 
R3#
DEBUG:netmiko:read_channel: 
DEBUG:netmiko:read_channel: 
R1#
DEBUG:netmiko:read_channel: 
switch01#
DEBUG:netmiko:read_channel: 
DEBUG:netmiko:read_channel: 
DEBUG:netmiko:read_channel: 
DEBUG:netmiko:read_channel: 
DEBUG:netmiko:write_channel: b'\n'
DEBUG:netmiko:read_channel: 
DEBUG:netmiko:read_channel: 
DEBUG:netmiko:read_channel: 
DEBUG:netmiko:write_channel: b'\n'
DEBUG:netmiko:read_channel: 
DEBUG:netmiko:write_channel: b'\n'
DEBUG:netmiko:read_channel: 
DEBUG:netmiko:write_channel: b'\n'
DEBUG:netmiko:read_channel: 
DEBUG:netmiko:read_channel: 
DEBUG:netmiko:write_channel: b'\n'
DEBUG:netmiko:read_channel: 
DEBUG:netmiko:write_channel: b'\n'
DEBUG:netmiko:read_channel: 
DEBUG:netmiko:write_channel: b'\n'
DEBUG:netmiko:read_channel: 
DEBUG:netmiko:read_channel: 
DEBUG:netmiko:read_channel: 
DEBUG:netmiko:write_channel: b'\n'
DEBUG:netmiko:read_channel: 
DEBUG:netmiko:write_channel: b'\n'
DEBUG:netmiko:read_channel: 
DEBUG:netmiko:write_channel: b'\n'
DEBUG:netmiko:read_channel: 
DEBUG:netmiko:read_channel: 
DEBUG:netmiko:write_channel: b'\n'
DEBUG:netmiko:read_channel: 
DEBUG:netmiko:read_channel: 
DEBUG:netmiko:write_channel: b'\n'
DEBUG:netmiko:read_channel: 

DEBUG:netmiko:write_channel: b'\n'
DEBUG:netmiko:read_channel: 
DEBUG:netmiko:read_channel: 
DEBUG:netmiko:write_channel: b'\n'
DEBUG:netmiko:write_channel: b'\n'
DEBUG:netmiko:read_channel: 
R3#
R3#
R3#
DEBUG:netmiko:read_channel: 
DEBUG:netmiko:read_channel: 
DEBUG:netmiko:write_channel: b'\n'
DEBUG:netmiko:write_channel: b'\n'
DEBUG:netmiko:read_channel: 
DEBUG:netmiko:[find_prompt()]: prompt is R3#
DEBUG:netmiko:read_channel: 
R3#
DEBUG:netmiko:Clear buffer detects data in the channel
DEBUG:netmiko:read_channel: 
switch01#
switch01#
switch01#
DEBUG:netmiko:read_channel: 
R1#
R1#
R1#
DEBUG:netmiko:read_channel: R2#
R2#
R2#
R2#
R2#
DEBUG:netmiko:read_channel: 
DEBUG:netmiko:In disable_paging
DEBUG:netmiko:Command: terminal length 0

DEBUG:netmiko:write_channel: b'terminal length 0\n'
DEBUG:netmiko:Pattern is: terminal\ length\ 0
DEBUG:netmiko:read_channel: 
DEBUG:netmiko:read_channel: 
DEBUG:netmiko:[find_prompt()]: prompt is switch01#
DEBUG:netmiko:[find_prompt()]: prompt is R1#
DEBUG:netmiko:read_channel: 
DEBUG:netmiko:[find_prompt()]: prompt is R2#
DEBUG:netmiko:read_channel: 
switch01#
DEBUG:netmiko:read_channel: 
R1#
DEBUG:netmiko:Clear buffer detects data in the channel
DEBUG:netmiko:Clear buffer detects data in the channel
DEBUG:netmiko:read_channel: 
DEBUG:netmiko:In disable_paging
DEBUG:netmiko:Command: terminal length 0

DEBUG:netmiko:write_channel: b'terminal length 0\n'
DEBUG:netmiko:Pattern is: terminal\ length\ 0
DEBUG:netmiko:read_channel: 
DEBUG:netmiko:read_channel: 
DEBUG:netmiko:In disable_paging
DEBUG:netmiko:In disable_paging
DEBUG:netmiko:Command: terminal length 0

DEBUG:netmiko:Command: terminal length 0

DEBUG:netmiko:write_channel: b'terminal length 0\n'
DEBUG:netmiko:write_channel: b'terminal length 0\n'
DEBUG:netmiko:Pattern is: terminal\ length\ 0
DEBUG:netmiko:Pattern is: terminal\ length\ 0
DEBUG:netmiko:_read_channel_expect read_data: te
DEBUG:netmiko:_read_channel_expect read_data: rminal lengt
DEBUG:netmiko:_read_channel_expect read_data: h 0
R3#
DEBUG:netmiko:Pattern found: terminal\ length\ 0 terminal length 0
R3#
DEBUG:netmiko:terminal length 0
R3#
DEBUG:netmiko:Exiting disable_paging
DEBUG:netmiko:write_channel: b'terminal width 511\n'
DEBUG:netmiko:Pattern is: terminal\ width\ 511
DEBUG:netmiko:_read_channel_expect read_data: terminal le
DEBUG:netmiko:_read_channel_expect read_data: te
DEBUG:netmiko:_read_channel_expect read_data: termin
DEBUG:netmiko:_read_channel_expect read_data: ngth 0
R2#
DEBUG:netmiko:Pattern found: terminal\ length\ 0 terminal length 0
R2#
DEBUG:netmiko:terminal length 0
R2#
DEBUG:netmiko:Exiting disable_paging
DEBUG:netmiko:write_channel: b'terminal width 511\n'
DEBUG:netmiko:Pattern is: terminal\ width\ 511
DEBUG:netmiko:_read_channel_expect read_data: rm
DEBUG:netmiko:_read_channel_expect read_data: inal l
DEBUG:netmiko:_read_channel_expect read_data: al length
DEBUG:netmiko:_read_channel_expect read_data: ength 0
R1#
DEBUG:netmiko:Pattern found: terminal\ length\ 0 terminal length 0
R1#
DEBUG:netmiko:_read_channel_expect read_data:  0
switch01#
DEBUG:netmiko:terminal length 0
R1#
DEBUG:netmiko:Pattern found: terminal\ length\ 0 terminal length 0
switch01#
DEBUG:netmiko:Exiting disable_paging
DEBUG:netmiko:terminal length 0
switch01#
DEBUG:netmiko:Exiting disable_paging
DEBUG:netmiko:write_channel: b'terminal width 511\n'
DEBUG:netmiko:write_channel: b'terminal width 511\n'
DEBUG:netmiko:Pattern is: terminal\ width\ 511
DEBUG:netmiko:Pattern is: terminal\ width\ 511
DEBUG:netmiko:_read_channel_expect read_data: terminal 
DEBUG:netmiko:_read_channel_expect read_data: width
DEBUG:netmiko:_read_channel_expect read_data:  51
DEBUG:netmiko:_read_channel_expect read_data: terminal 
DEBUG:netmiko:_read_channel_expect read_data: ter
DEBUG:netmiko:_read_channel_expect read_data: termin
DEBUG:netmiko:_read_channel_expect read_data: 1
R3#
DEBUG:netmiko:_read_channel_expect read_data: width 511
R2#
DEBUG:netmiko:Pattern found: terminal\ width\ 511 terminal width 511
R2#
DEBUG:netmiko:Pattern found: terminal\ width\ 511 terminal width 511
R3#
DEBUG:netmiko:_read_channel_expect read_data: minal 
DEBUG:netmiko:_read_channel_expect read_data: a
DEBUG:netmiko:_read_channel_expect read_data: width 
DEBUG:netmiko:_read_channel_expect read_data: 511
DEBUG:netmiko:_read_channel_expect read_data: l wid
DEBUG:netmiko:Pattern found: terminal\ width\ 511 terminal width 511
DEBUG:netmiko:_read_channel_expect read_data: th 511
R1#
DEBUG:netmiko:Pattern found: terminal\ width\ 511 terminal width 511
R1#
DEBUG:netmiko:read_channel: 
DEBUG:netmiko:read_channel: 
DEBUG:netmiko:read_channel: 
switch01#
DEBUG:netmiko:Clear buffer detects data in the channel
DEBUG:netmiko:read_channel: 
DEBUG:netmiko:read_channel: 
